Component: ARM Compiler 5.06 update 7 (build 960) Tool: armlink [4d3601]

==============================================================================

Section Cross References

    startup_stm32f051x8.o(RESET) refers to startup_stm32f051x8.o(STACK) for __initial_sp
    startup_stm32f051x8.o(RESET) refers to startup_stm32f051x8.o(.text) for Reset_Handler
    startup_stm32f051x8.o(RESET) refers to stm32f0xx_it.o(i.NMI_Handler) for NMI_Handler
    startup_stm32f051x8.o(RESET) refers to stm32f0xx_it.o(i.HardFault_Handler) for HardFault_Handler
    startup_stm32f051x8.o(RESET) refers to stm32f0xx_it.o(i.SVC_Handler) for SVC_Handler
    startup_stm32f051x8.o(RESET) refers to stm32f0xx_it.o(i.PendSV_Handler) for PendSV_Handler
    startup_stm32f051x8.o(RESET) refers to stm32f0xx_it.o(i.SysTick_Handler) for SysTick_Handler
    startup_stm32f051x8.o(RESET) refers to stm32f0xx_it.o(i.TIM6_DAC_IRQHandler) for TIM6_DAC_IRQHandler
    startup_stm32f051x8.o(RESET) refers to stm32f0xx_it.o(i.USART1_IRQHandler) for USART1_IRQHandler
    startup_stm32f051x8.o(.text) refers to system_stm32f0xx.o(i.SystemInit) for SystemInit
    startup_stm32f051x8.o(.text) refers to entry.o(.ARM.Collect$$$$00000000) for __main
    stm32delays.o(i.delay_ms) refers to stm32f0xx_hal.o(i.HAL_Delay) for HAL_Delay
    stm32driverlcd.o(i.lcd_checkbf) refers to stm32delays.o(i.delay500ns) for delay500ns
    stm32driverlcd.o(i.lcd_clearLine) refers to stm32driverlcd.o(i.lcd_gotoxy) for lcd_gotoxy
    stm32driverlcd.o(i.lcd_clearLine) refers to stm32driverlcd.o(i.lcd_send_byte) for lcd_send_byte
    stm32driverlcd.o(i.lcd_gotoxy) refers to stm32driverlcd.o(i.lcd_send_byte) for lcd_send_byte
    stm32driverlcd.o(i.lcd_gotoxy) refers to stm32driverlcd.o(.constdata) for taddrLines
    stm32driverlcd.o(i.lcd_init) refers to stm32delays.o(i.delay500ns) for delay500ns
    stm32driverlcd.o(i.lcd_init) refers to stm32delays.o(i.delay_ms) for delay_ms
    stm32driverlcd.o(i.lcd_init) refers to stm32driverlcd.o(i.lcd_send_nibble) for lcd_send_nibble
    stm32driverlcd.o(i.lcd_init) refers to stm32delays.o(i.delay_us) for delay_us
    stm32driverlcd.o(i.lcd_put_string_ram) refers to stm32driverlcd.o(i.lcd_putc) for lcd_putc
    stm32driverlcd.o(i.lcd_putc) refers to stm32driverlcd.o(i.lcd_gotoxy) for lcd_gotoxy
    stm32driverlcd.o(i.lcd_putc) refers to stm32driverlcd.o(i.lcd_send_byte) for lcd_send_byte
    stm32driverlcd.o(i.lcd_send_byte) refers to stm32driverlcd.o(i.lcd_checkbf) for lcd_checkbf
    stm32driverlcd.o(i.lcd_send_byte) refers to stm32driverlcd.o(i.lcd_send_nibble) for lcd_send_nibble
    stm32driverlcd.o(i.lcd_send_nibble) refers to stm32delays.o(i.delay500ns) for delay500ns
    stm32driverlcd.o(i.printf_lcd) refers to printfa.o(i.__0vsprintf) for vsprintf
    stm32driverlcd.o(i.printf_lcd) refers to stm32driverlcd.o(i.lcd_put_string_ram) for lcd_put_string_ram
    main.o(i.Function_Acknowledge_Protocole) refers to main.o(i.Function_CRC_check_and_create) for Function_CRC_check_and_create
    main.o(i.Function_Acknowledge_Protocole) refers to stm32f0xx_hal_uart.o(i.HAL_UART_Transmit) for HAL_UART_Transmit
    main.o(i.Function_Acknowledge_Protocole) refers to stm32f0xx_hal_uart_ex.o(i.HAL_UARTEx_ReceiveToIdle_IT) for HAL_UARTEx_ReceiveToIdle_IT
    main.o(i.Function_Acknowledge_Protocole) refers to main.o(.bss) for setting_Rx
    main.o(i.Function_Acknowledge_Protocole) refers to usart.o(.bss) for huart1
    main.o(i.Function_Translate_Trame) refers to stm32f0xx_hal_gpio.o(i.HAL_GPIO_WritePin) for HAL_GPIO_WritePin
    main.o(i.Function_Translate_Trame) refers to stm32driverlcd.o(i.lcd_clearLine) for lcd_clearLine
    main.o(i.Function_Translate_Trame) refers to stm32driverlcd.o(i.lcd_gotoxy) for lcd_gotoxy
    main.o(i.Function_Translate_Trame) refers to stm32driverlcd.o(i.printf_lcd) for printf_lcd
    main.o(i.Function_Translate_Trame) refers to main.o(i.UART_SendState_BTN) for UART_SendState_BTN
    main.o(i.Function_Translate_Trame) refers to main.o(i.Function_Acknowledge_Protocole) for Function_Acknowledge_Protocole
    main.o(i.Function_Translate_Trame) refers to stm32f0xx_hal_uart_ex.o(i.HAL_UARTEx_ReceiveToIdle_IT) for HAL_UARTEx_ReceiveToIdle_IT
    main.o(i.Function_Translate_Trame) refers to main.o(.bss) for setting_Rx
    main.o(i.Function_Translate_Trame) refers to main.o(.data) for BTN
    main.o(i.Function_Translate_Trame) refers to usart.o(.bss) for huart1
    main.o(i.Function_Verification_CRC_Header) refers to main.o(i.Function_CRC_check_and_create) for Function_CRC_check_and_create
    main.o(i.Function_Verification_CRC_Header) refers to main.o(i.Function_Acknowledge_Protocole) for Function_Acknowledge_Protocole
    main.o(i.Function_Verification_CRC_Header) refers to main.o(.bss) for setting_Rx
    main.o(i.Gestion_switch) refers to stm32f0xx_hal_gpio.o(i.HAL_GPIO_ReadPin) for HAL_GPIO_ReadPin
    main.o(i.Gestion_switch) refers to main.o(.data) for tab_Sw_prece
[...]
    Removing stm32f0xx_hal_rcc.o(i.HAL_RCC_GetClockConfig), (56 bytes).
    Removing stm32f0xx_hal_rcc.o(i.HAL_RCC_GetOscConfig), (244 bytes).
    Removing stm32f0xx_hal_rcc.o(i.HAL_RCC_MCOConfig), (100 bytes).
    Removing stm32f0xx_hal_rcc_ex.o(.rev16_text), (4 bytes).
    Removing stm32f0xx_hal_rcc_ex.o(.revsh_text), (4 bytes).
    Removing stm32f0xx_hal_rcc_ex.o(i.HAL_RCCEx_GetPeriphCLKConfig), (64 bytes).
    Removing stm32f0xx_hal_rcc_ex.o(i.HAL_RCCEx_GetPeriphCLKFreq), (308 bytes).
    Removing stm32f0xx_hal.o(.rev16_text), (4 bytes).
    Removing stm32f0xx_hal.o(.revsh_text), (4 bytes).
    Removing stm32f0xx_hal.o(i.HAL_DBGMCU_DisableDBGStandbyMode), (20 bytes).
    Removing stm32f0xx_hal.o(i.HAL_DBGMCU_DisableDBGStopMode), (20 bytes).
    Removing stm32f0xx_hal.o(i.HAL_DBGMCU_EnableDBGStandbyMode), (20 bytes).
    Removing stm32f0xx_hal.o(i.HAL_DBGMCU_EnableDBGStopMode), (20 bytes).
    Removing stm32f0xx_hal.o(i.HAL_DeInit), (44 bytes).
    Removing stm32f0xx_hal.o(i.HAL_GetDEVID), (16 bytes).
    Removing stm32f0xx_hal.o(i.HAL_GetHalVersion), (8 bytes).
    Removing stm32f0xx_hal.o(i.HAL_GetREVID), (12 bytes).
    Removing stm32f0xx_hal.o(i.HAL_GetTickFreq), (12 bytes).
    Removing stm32f0xx_hal.o(i.HAL_GetTickPrio), (12 bytes).
    Removing stm32f0xx_hal.o(i.HAL_GetUIDw0), (12 bytes).
    Removing stm32f0xx_hal.o(i.HAL_GetUIDw1), (12 bytes).
    Removing stm32f0xx_hal.o(i.HAL_GetUIDw2), (12 bytes).
    Removing stm32f0xx_hal.o(i.HAL_MspDeInit), (2 bytes).
    Removing stm32f0xx_hal.o(i.HAL_MspInit), (2 bytes).
    Removing stm32f0xx_hal.o(i.HAL_ResumeTick), (20 bytes).
    Removing stm32f0xx_hal.o(i.HAL_SetTickFreq), (52 bytes).
    Removing stm32f0xx_hal.o(i.HAL_SuspendTick), (20 bytes).
    Removing stm32f0xx_hal_i2c.o(.rev16_text), (4 bytes).
    Removing stm32f0xx_hal_i2c.o(.revsh_text), (4 bytes).
    Removing stm32f0xx_hal_i2c.o(i.HAL_I2C_AbortCpltCallback), (2 bytes).
    Removing stm32f0xx_hal_i2c.o(i.HAL_I2C_AddrCallback), (2 bytes).
    Removing stm32f0xx_hal_i2c.o(i.HAL_I2C_DeInit), (66 bytes).
    Removing stm32f0xx_hal_i2c.o(i.HAL_I2C_DisableListen_IT), (62 bytes).
    Removing stm32f0xx_hal_i2c.o(i.HAL_I2C_ER_IRQHandler), (140 bytes).
    Removing stm32f0xx_hal_i2c.o(i.HAL_I2C_EV_IRQHandler), (30 bytes).
    Removing stm32f0xx_hal_i2c.o(i.HAL_I2C_EnableListen_IT), (44 bytes).
    Removing stm32f0xx_hal_i2c.o(i.HAL_I2C_ErrorCallback), (2 bytes).
    Removing stm32f0xx_hal_i2c.o(i.HAL_I2C_GetError), (6 bytes).
    Removing stm32f0xx_hal_i2c.o(i.HAL_I2C_GetMode), (8 bytes).
    Removing stm32f0xx_hal_i2c.o(i.HAL_I2C_GetState), (8 bytes).
    Removing stm32f0xx_hal_i2c.o(i.HAL_I2C_Init), (212 bytes).
    Removing stm32f0xx_hal_i2c.o(i.HAL_I2C_IsDeviceReady), (434 bytes).
    Removing stm32f0xx_hal_i2c.o(i.HAL_I2C_ListenCpltCallback), (2 bytes).
    Removing stm32f0xx_hal_i2c.o(i.HAL_I2C_MasterRxCpltCallback), (2 bytes).
    Removing stm32f0xx_hal_i2c.o(i.HAL_I2C_MasterTxCpltCallback), (2 bytes).
    Removing stm32f0xx_hal_i2c.o(i.HAL_I2C_Master_Abort_IT), (128 bytes).
    Removing stm32f0xx_hal_i2c.o(i.HAL_I2C_Master_Receive), (364 bytes).
    Removing stm32f0xx_hal_i2c.o(i.HAL_I2C_Master_Receive_DMA), (376 bytes).
    Removing stm32f0xx_hal_i2c.o(i.HAL_I2C_Master_Receive_IT), (168 bytes).
    Removing stm32f0xx_hal_i2c.o(i.HAL_I2C_Master_Seq_Receive_DMA), (404 bytes).
    Removing stm32f0xx_hal_i2c.o(i.HAL_I2C_Master_Seq_Receive_IT), (192 bytes).
    Removing stm32f0xx_hal_i2c.o(i.HAL_I2C_Master_Seq_Transmit_DMA), (404 bytes).
    Removing stm32f0xx_hal_i2c.o(i.HAL_I2C_Master_Seq_Transmit_IT), (192 bytes).
    Removing stm32f0xx_hal_i2c.o(i.HAL_I2C_Master_Transmit), (364 bytes).
    Removing stm32f0xx_hal_i2c.o(i.HAL_I2C_Master_Transmit_DMA), (376 bytes).
    Removing stm32f0xx_hal_i2c.o(i.HAL_I2C_Master_Transmit_IT), (168 bytes).
    Removing stm32f0xx_hal_i2c.o(i.HAL_I2C_MemRxCpltCallback), (2 bytes).
    Removing stm32f0xx_hal_i2c.o(i.HAL_I2C_MemTxCpltCallback), (2 bytes).
    Removing stm32f0xx_hal_i2c.o(i.HAL_I2C_Mem_Read), (428 bytes).
    Removing stm32f0xx_hal_i2c.o(i.HAL_I2C_Mem_Read_DMA), (388 bytes).
    Removing stm32f0xx_hal_i2c.o(i.HAL_I2C_Mem_Read_IT), (228 bytes).
    Removing stm32f0xx_hal_i2c.o(i.HAL_I2C_Mem_Write), (420 bytes).
    Removing stm32f0xx_hal_i2c.o(i.HAL_I2C_Mem_Write_DMA), (380 bytes).
    Removing stm32f0xx_hal_i2c.o(i.HAL_I2C_Mem_Write_IT), (224 bytes).
    Removing stm32f0xx_hal_i2c.o(i.HAL_I2C_MspDeInit), (2 bytes).
    Removing stm32f0xx_hal_i2c.o(i.HAL_I2C_MspInit), (2 bytes).
    Removing stm32f0xx_hal_i2c.o(i.HAL_I2C_SlaveRxCpltCallback), (2 bytes).
    Removing stm32f0xx_hal_i2c.o(i.HAL_I2C_SlaveTxCpltCallback), (2 bytes).
    Removing stm32f0xx_hal_i2c.o(i.HAL_I2C_Slave_Receive), (390 bytes).
    Removing stm32f0xx_hal_i2c.o(i.HAL_I2C_Slave_Receive_DMA), (284 bytes).
    Removing stm32f0xx_hal_i2c.o(i.HAL_I2C_Slave_Receive_IT), (120 bytes).
    Removing stm32f0xx_hal_i2c.o(i.HAL_I2C_Slave_Seq_Receive_DMA), (468 bytes).
    Removing stm32f0xx_hal_i2c.o(i.HAL_I2C_Slave_Seq_Receive_IT), (240 bytes).
    Removing stm32f0xx_hal_i2c.o(i.HAL_I2C_Slave_Seq_Transmit_DMA), (468 bytes).
    Removing stm32f0xx_hal_i2c.o(i.HAL_I2C_Slave_Seq_Transmit_IT), (240 bytes).
    Removing stm32f0xx_hal_i2c.o(i.HAL_I2C_Slave_Transmit), (418 bytes).
    Removing stm32f0xx_hal_i2c.o(i.HAL_I2C_Slave_Transmit_DMA), (284 bytes).
    Removing stm32f0xx_hal_i2c.o(i.HAL_I2C_Slave_Transmit_IT), (120 bytes).
    Removing stm32f0xx_hal_i2c.o(i.I2C_ConvertOtherXferOptions), (30 bytes).
    Removing stm32f0xx_hal_i2c.o(i.I2C_DMAAbort), (38 bytes).
    Removing stm32f0xx_hal_i2c.o(i.I2C_DMAError), (30 bytes).
    Removing stm32f0xx_hal_i2c.o(i.I2C_DMAMasterReceiveCplt), (100 bytes).
    Removing stm32f0xx_hal_i2c.o(i.I2C_DMAMasterTransmitCplt), (100 bytes).
    Removing stm32f0xx_hal_i2c.o(i.I2C_DMASlaveReceiveCplt), (52 bytes).
    Removing stm32f0xx_hal_i2c.o(i.I2C_DMASlaveTransmitCplt), (42 bytes).
    Removing stm32f0xx_hal_i2c.o(i.I2C_Disable_IRQ), (116 bytes).
    Removing stm32f0xx_hal_i2c.o(i.I2C_Enable_IRQ), (136 bytes).
    Removing stm32f0xx_hal_i2c.o(i.I2C_Flush_TXDR), (50 bytes).
    Removing stm32f0xx_hal_i2c.o(i.I2C_ITAddrCplt), (208 bytes).
    Removing stm32f0xx_hal_i2c.o(i.I2C_ITError), (296 bytes).
    Removing stm32f0xx_hal_i2c.o(i.I2C_ITListenCplt), (120 bytes).
    Removing stm32f0xx_hal_i2c.o(i.I2C_ITMasterCplt), (308 bytes).
    Removing stm32f0xx_hal_i2c.o(i.I2C_ITMasterSeqCplt), (98 bytes).
    Removing stm32f0xx_hal_i2c.o(i.I2C_ITSlaveCplt), (408 bytes).
    Removing stm32f0xx_hal_i2c.o(i.I2C_ITSlaveSeqCplt), (156 bytes).
    Removing stm32f0xx_hal_i2c.o(i.I2C_IsAcknowledgeFailed), (160 bytes).
    Removing stm32f0xx_hal_i2c.o(i.I2C_Master_ISR_DMA), (392 bytes).
    Removing stm32f0xx_hal_i2c.o(i.I2C_Master_ISR_IT), (464 bytes).
    Removing stm32f0xx_hal_i2c.o(i.I2C_RequestMemoryRead), (128 bytes).
    Removing stm32f0xx_hal_i2c.o(i.I2C_RequestMemoryWrite), (128 bytes).
    Removing stm32f0xx_hal_i2c.o(i.I2C_Slave_ISR_DMA), (372 bytes).
    Removing stm32f0xx_hal_i2c.o(i.I2C_Slave_ISR_IT), (380 bytes).
    Removing stm32f0xx_hal_i2c.o(i.I2C_TransferConfig), (56 bytes).
    Removing stm32f0xx_hal_i2c.o(i.I2C_TreatErrorCallback), (62 bytes).
    Removing stm32f0xx_hal_i2c.o(i.I2C_WaitOnFlagUntilTimeout), (88 bytes).
    Removing stm32f0xx_hal_i2c.o(i.I2C_WaitOnRXNEFlagUntilTimeout), (176 bytes).
    Removing stm32f0xx_hal_i2c.o(i.I2C_WaitOnSTOPFlagUntilTimeout), (90 bytes).
    Removing stm32f0xx_hal_i2c.o(i.I2C_WaitOnTXISFlagUntilTimeout), (96 bytes).
    Removing stm32f0xx_hal_i2c_ex.o(.rev16_text), (4 bytes).
    Removing stm32f0xx_hal_i2c_ex.o(.revsh_text), (4 bytes).
    Removing stm32f0xx_hal_i2c_ex.o(i.HAL_I2CEx_ConfigAnalogFilter), (110 bytes).
    Removing stm32f0xx_hal_i2c_ex.o(i.HAL_I2CEx_ConfigDigitalFilter), (112 bytes).
    Removing stm32f0xx_hal_i2c_ex.o(i.HAL_I2CEx_DisableFastModePlus), (52 bytes).
    Removing stm32f0xx_hal_i2c_ex.o(i.HAL_I2CEx_DisableWakeUp), (100 bytes).
    Removing stm32f0xx_hal_i2c_ex.o(i.HAL_I2CEx_EnableFastModePlus), (52 bytes).
    Removing stm32f0xx_hal_i2c_ex.o(i.HAL_I2CEx_EnableWakeUp), (100 bytes).
    Removing stm32f0xx_hal_gpio.o(.rev16_text), (4 bytes).
    Removing stm32f0xx_hal_gpio.o(.revsh_text), (4 bytes).
    Removing stm32f0xx_hal_gpio.o(i.HAL_GPIO_DeInit), (264 bytes).
    Removing stm32f0xx_hal_gpio.o(i.HAL_GPIO_EXTI_Callback), (2 bytes).
    Removing stm32f0xx_hal_gpio.o(i.HAL_GPIO_EXTI_IRQHandler), (32 bytes).
    Removing stm32f0xx_hal_gpio.o(i.HAL_GPIO_LockPin), (50 bytes).
    Removing stm32f0xx_hal_dma.o(.rev16_text), (4 bytes).
    Removing stm32f0xx_hal_dma.o(.revsh_text), (4 bytes).
    Removing stm32f0xx_hal_dma.o(i.DMA_CalcBaseAndBitshift), (32 bytes).
    Removing stm32f0xx_hal_dma.o(i.DMA_SetConfig), (42 bytes).
    Removing stm32f0xx_hal_dma.o(i.HAL_DMA_DeInit), (88 bytes).
    Removing stm32f0xx_hal_dma.o(i.HAL_DMA_GetError), (6 bytes).
    Removing stm32f0xx_hal_dma.o(i.HAL_DMA_GetState), (8 bytes).
    Removing stm32f0xx_hal_dma.o(i.HAL_DMA_IRQHandler), (240 bytes).
    Removing stm32f0xx_hal_dma.o(i.HAL_DMA_Init), (92 bytes).
    Removing stm32f0xx_hal_dma.o(i.HAL_DMA_PollForTransfer), (236 bytes).
    Removing stm32f0xx_hal_dma.o(i.HAL_DMA_RegisterCallback), (92 bytes).
    Removing stm32f0xx_hal_dma.o(i.HAL_DMA_Start), (110 bytes).
    Removing stm32f0xx_hal_dma.o(i.HAL_DMA_Start_IT), (154 bytes).
    Removing stm32f0xx_hal_dma.o(i.HAL_DMA_UnRegisterCallback), (108 bytes).
    Removing stm32f0xx_hal_cortex.o(.rev16_text), (4 bytes).
    Removing stm32f0xx_hal_cortex.o(.revsh_text), (4 bytes).
    Removing stm32f0xx_hal_cortex.o(i.HAL_NVIC_ClearPendingIRQ), (28 bytes).
    Removing stm32f0xx_hal_cortex.o(i.HAL_NVIC_DisableIRQ), (60 bytes).
    Removing stm32f0xx_hal_cortex.o(i.HAL_NVIC_GetPendingIRQ), (48 bytes).
    Removing stm32f0xx_hal_cortex.o(i.HAL_NVIC_GetPriority), (72 bytes).
    Removing stm32f0xx_hal_cortex.o(i.HAL_NVIC_SetPendingIRQ), (28 bytes).
    Removing stm32f0xx_hal_cortex.o(i.HAL_NVIC_SystemReset), (56 bytes).
    Removing stm32f0xx_hal_cortex.o(i.HAL_SYSTICK_CLKSourceConfig), (36 bytes).
    Removing stm32f0xx_hal_cortex.o(i.HAL_SYSTICK_Callback), (2 bytes).
    Removing stm32f0xx_hal_cortex.o(i.HAL_SYSTICK_IRQHandler), (8 bytes).
    Removing stm32f0xx_hal_pwr.o(.rev16_text), (4 bytes).
    Removing stm32f0xx_hal_pwr.o(.revsh_text), (4 bytes).
    Removing stm32f0xx_hal_pwr.o(i.HAL_PWR_DeInit), (32 bytes).
    Removing stm32f0xx_hal_pwr.o(i.HAL_PWR_DisableBkUpAccess), (20 bytes).
    Removing stm32f0xx_hal_pwr.o(i.HAL_PWR_DisableSEVOnPend), (20 bytes).
    Removing stm32f0xx_hal_pwr.o(i.HAL_PWR_DisableSleepOnExit), (20 bytes).
    Removing stm32f0xx_hal_pwr.o(i.HAL_PWR_DisableWakeUpPin), (16 bytes).
    Removing stm32f0xx_hal_pwr.o(i.HAL_PWR_EnableBkUpAccess), (20 bytes).
    Removing stm32f0xx_hal_pwr.o(i.HAL_PWR_EnableSEVOnPend), (20 bytes).
    Removing stm32f0xx_hal_pwr.o(i.HAL_PWR_EnableSleepOnExit), (20 bytes).
    Removing stm32f0xx_hal_pwr.o(i.HAL_PWR_EnableWakeUpPin), (16 bytes).
    Removing stm32f0xx_hal_pwr.o(i.HAL_PWR_EnterSLEEPMode), (32 bytes).
    Removing stm32f0xx_hal_pwr.o(i.HAL_PWR_EnterSTANDBYMode), (40 bytes).
    Removing stm32f0xx_hal_pwr.o(i.HAL_PWR_EnterSTOPMode), (72 bytes).
    Removing stm32f0xx_hal_pwr_ex.o(.rev16_text), (4 bytes).
    Removing stm32f0xx_hal_pwr_ex.o(.revsh_text), (4 bytes).
    Removing stm32f0xx_hal_pwr_ex.o(i.HAL_PWR_ConfigPVD), (176 bytes).
    Removing stm32f0xx_hal_pwr_ex.o(i.HAL_PWR_DisablePVD), (20 bytes).
    Removing stm32f0xx_hal_pwr_ex.o(i.HAL_PWR_EnablePVD), (20 bytes).
    Removing stm32f0xx_hal_pwr_ex.o(i.HAL_PWR_PVDCallback), (2 bytes).
    Removing stm32f0xx_hal_pwr_ex.o(i.HAL_PWR_PVD_IRQHandler), (36 bytes).
    Removing stm32f0xx_hal_flash.o(.rev16_text), (4 bytes).
    Removing stm32f0xx_hal_flash.o(.revsh_text), (4 bytes).
    Removing stm32f0xx_hal_flash.o(i.FLASH_Program_HalfWord), (32 bytes).
    Removing stm32f0xx_hal_flash.o(i.FLASH_SetErrorCode), (72 bytes).
    Removing stm32f0xx_hal_flash.o(i.FLASH_WaitForLastOperation), (104 bytes).
    Removing stm32f0xx_hal_flash.o(i.HAL_FLASH_EndOfOperationCallback), (2 bytes).
    Removing stm32f0xx_hal_flash.o(i.HAL_FLASH_GetError), (12 bytes).
    Removing stm32f0xx_hal_flash.o(i.HAL_FLASH_IRQHandler), (396 bytes).
    Removing stm32f0xx_hal_flash.o(i.HAL_FLASH_Lock), (20 bytes).
    Removing stm32f0xx_hal_flash.o(i.HAL_FLASH_OB_Launch), (32 bytes).
    Removing stm32f0xx_hal_flash.o(i.HAL_FLASH_OB_Lock), (24 bytes).
    Removing stm32f0xx_hal_flash.o(i.HAL_FLASH_OB_Unlock), (48 bytes).
    Removing stm32f0xx_hal_flash.o(i.HAL_FLASH_OperationErrorCallback), (2 bytes).
    Removing stm32f0xx_hal_flash.o(i.HAL_FLASH_Program), (188 bytes).
    Removing stm32f0xx_hal_flash.o(i.HAL_FLASH_Program_IT), (120 bytes).
    Removing stm32f0xx_hal_flash.o(i.HAL_FLASH_Unlock), (52 bytes).
    Removing stm32f0xx_hal_flash.o(.bss), (32 bytes).
    Removing stm32f0xx_hal_flash_ex.o(.rev16_text), (4 bytes).
    Removing stm32f0xx_hal_flash_ex.o(.revsh_text), (4 bytes).
    Removing stm32f0xx_hal_flash_ex.o(i.FLASH_MassErase), (40 bytes).
    Removing stm32f0xx_hal_flash_ex.o(i.FLASH_OB_DisableWRP), (148 bytes).
    Removing stm32f0xx_hal_flash_ex.o(i.FLASH_OB_EnableWRP), (152 bytes).
    Removing stm32f0xx_hal_flash_ex.o(i.FLASH_OB_GetRDP), (40 bytes).
    Removing stm32f0xx_hal_flash_ex.o(i.FLASH_OB_GetUser), (20 bytes).
    Removing stm32f0xx_hal_flash_ex.o(i.FLASH_OB_GetWRP), (12 bytes).
    Removing stm32f0xx_hal_flash_ex.o(i.FLASH_OB_ProgramData), (76 bytes).
    Removing stm32f0xx_hal_flash_ex.o(i.FLASH_OB_RDP_LevelConfig), (128 bytes).
    Removing stm32f0xx_hal_flash_ex.o(i.FLASH_OB_UserConfig), (84 bytes).
    Removing stm32f0xx_hal_flash_ex.o(i.FLASH_PageErase), (44 bytes).
    Removing stm32f0xx_hal_flash_ex.o(i.HAL_FLASHEx_Erase), (172 bytes).
    Removing stm32f0xx_hal_flash_ex.o(i.HAL_FLASHEx_Erase_IT), (104 bytes).
    Removing stm32f0xx_hal_flash_ex.o(i.HAL_FLASHEx_OBErase), (100 bytes).
    Removing stm32f0xx_hal_flash_ex.o(i.HAL_FLASHEx_OBGetConfig), (28 bytes).
    Removing stm32f0xx_hal_flash_ex.o(i.HAL_FLASHEx_OBGetUserData), (40 bytes).
    Removing stm32f0xx_hal_flash_ex.o(i.HAL_FLASHEx_OBProgram), (208 bytes).
    Removing stm32f0xx_hal_exti.o(.rev16_text), (4 bytes).
    Removing stm32f0xx_hal_exti.o(.revsh_text), (4 bytes).
    Removing stm32f0xx_hal_exti.o(i.HAL_EXTI_ClearConfigLine), (124 bytes).
    Removing stm32f0xx_hal_exti.o(i.HAL_EXTI_ClearPending), (28 bytes).
    Removing stm32f0xx_hal_exti.o(i.HAL_EXTI_GenerateSWI), (24 bytes).
    Removing stm32f0xx_hal_exti.o(i.HAL_EXTI_GetConfigLine), (184 bytes).
    Removing stm32f0xx_hal_exti.o(i.HAL_EXTI_GetHandle), (16 bytes).
    Removing stm32f0xx_hal_exti.o(i.HAL_EXTI_GetPending), (36 bytes).
    Removing stm32f0xx_hal_exti.o(i.HAL_EXTI_IRQHandler), (48 bytes).
    Removing stm32f0xx_hal_exti.o(i.HAL_EXTI_RegisterCallback), (22 bytes).
    Removing stm32f0xx_hal_exti.o(i.HAL_EXTI_SetConfigLine), (236 bytes).
    Removing stm32f0xx_hal_uart.o(.rev16_text), (4 bytes).
    Removing stm32f0xx_hal_uart.o(.revsh_text), (4 bytes).
    Removing stm32f0xx_hal_uart.o(i.HAL_HalfDuplex_EnableReceiver), (70 bytes).
    Removing stm32f0xx_hal_uart.o(i.HAL_HalfDuplex_EnableTransmitter), (70 bytes).
    Removing stm32f0xx_hal_uart.o(i.HAL_HalfDuplex_Init), (128 bytes).
    Removing stm32f0xx_hal_uart.o(i.HAL_LIN_Init), (170 bytes).
    Removing stm32f0xx_hal_uart.o(i.HAL_LIN_SendBreak), (58 bytes).
    Removing stm32f0xx_hal_uart.o(i.HAL_MultiProcessor_DisableMuteMode), (54 bytes).
    Removing stm32f0xx_hal_uart.o(i.HAL_MultiProcessor_EnableMuteMode), (54 bytes).
    Removing stm32f0xx_hal_uart.o(i.HAL_MultiProcessor_EnterMuteMode), (14 bytes).
    Removing stm32f0xx_hal_uart.o(i.HAL_MultiProcessor_Init), (160 bytes).
    Removing stm32f0xx_hal_uart.o(i.HAL_UARTEx_RxEventCallback), (2 bytes).
    Removing stm32f0xx_hal_uart.o(i.HAL_UART_Abort), (224 bytes).
    Removing stm32f0xx_hal_uart.o(i.HAL_UART_AbortCpltCallback), (2 bytes).
    Removing stm32f0xx_hal_uart.o(i.HAL_UART_AbortReceive), (148 bytes).
    Removing stm32f0xx_hal_uart.o(i.HAL_UART_AbortReceiveCpltCallback), (2 bytes).
    Removing stm32f0xx_hal_uart.o(i.HAL_UART_AbortReceive_IT), (184 bytes).
    Removing stm32f0xx_hal_uart.o(i.HAL_UART_AbortTransmit), (94 bytes).
    Removing stm32f0xx_hal_uart.o(i.HAL_UART_AbortTransmitCpltCallback), (2 bytes).
    Removing stm32f0xx_hal_uart.o(i.HAL_UART_AbortTransmit_IT), (120 bytes).
    Removing stm32f0xx_hal_uart.o(i.HAL_UART_Abort_IT), (280 bytes).
    Removing stm32f0xx_hal_uart.o(i.HAL_UART_DMAPause), (122 bytes).
    Removing stm32f0xx_hal_uart.o(i.HAL_UART_DMAResume), (106 bytes).
    Removing stm32f0xx_hal_uart.o(i.HAL_UART_DMAStop), (148 bytes).
    Removing stm32f0xx_hal_uart.o(i.HAL_UART_DeInit), (74 bytes).
    Removing stm32f0xx_hal_uart.o(i.HAL_UART_DisableReceiverTimeout), (68 bytes).
    Removing stm32f0xx_hal_uart.o(i.HAL_UART_EnableReceiverTimeout), (68 bytes).
    Removing stm32f0xx_hal_uart.o(i.HAL_UART_GetError), (8 bytes).
    Removing stm32f0xx_hal_uart.o(i.HAL_UART_GetState), (12 bytes).
    Removing stm32f0xx_hal_uart.o(i.HAL_UART_MspDeInit), (2 bytes).
    Removing stm32f0xx_hal_uart.o(i.HAL_UART_MspInit), (2 bytes).
    Removing stm32f0xx_hal_uart.o(i.HAL_UART_Receive), (324 bytes).
    Removing stm32f0xx_hal_uart.o(i.HAL_UART_Receive_DMA), (120 bytes).
    Removing stm32f0xx_hal_uart.o(i.HAL_UART_Receive_IT), (120 bytes).
    Removing stm32f0xx_hal_uart.o(i.HAL_UART_ReceiverTimeout_Config), (16 bytes).
    Removing stm32f0xx_hal_uart.o(i.HAL_UART_RxHalfCpltCallback), (2 bytes).
    Removing stm32f0xx_hal_uart.o(i.HAL_UART_Transmit_DMA), (220 bytes).
    Removing stm32f0xx_hal_uart.o(i.HAL_UART_Transmit_IT), (160 bytes).
    Removing stm32f0xx_hal_uart.o(i.HAL_UART_TxHalfCpltCallback), (2 bytes).
    Removing stm32f0xx_hal_uart.o(i.UART_DMAError), (86 bytes).
    Removing stm32f0xx_hal_uart.o(i.UART_DMAReceiveCplt), (104 bytes).
    Removing stm32f0xx_hal_uart.o(i.UART_DMARxAbortCallback), (80 bytes).
    Removing stm32f0xx_hal_uart.o(i.UART_DMARxHalfCplt), (34 bytes).
    Removing stm32f0xx_hal_uart.o(i.UART_DMARxOnlyAbortCallback), (46 bytes).
    Removing stm32f0xx_hal_uart.o(i.UART_DMATransmitCplt), (52 bytes).
    Removing stm32f0xx_hal_uart.o(i.UART_DMATxAbortCallback), (68 bytes).
    Removing stm32f0xx_hal_uart.o(i.UART_DMATxHalfCplt), (14 bytes).
    Removing stm32f0xx_hal_uart.o(i.UART_DMATxOnlyAbortCallback), (24 bytes).
    Removing stm32f0xx_hal_uart.o(i.UART_EndTxTransfer), (18 bytes).
    Removing stm32f0xx_hal_uart.o(i.UART_Start_Receive_DMA), (164 bytes).
    Removing stm32f0xx_hal_uart.o(i.UART_TxISR_16BIT), (72 bytes).
    Removing stm32f0xx_hal_uart.o(i.UART_TxISR_8BIT), (68 bytes).
    Removing stm32f0xx_hal_uart_ex.o(.rev16_text), (4 bytes).
    Removing stm32f0xx_hal_uart_ex.o(.revsh_text), (4 bytes).
    Removing stm32f0xx_hal_uart_ex.o(i.HAL_MultiProcessorEx_AddressLength_Set), (64 bytes).
    Removing stm32f0xx_hal_uart_ex.o(i.HAL_RS485Ex_Init), (156 bytes).
    Removing stm32f0xx_hal_uart_ex.o(i.HAL_UARTEx_DisableStopMode), (50 bytes).
    Removing stm32f0xx_hal_uart_ex.o(i.HAL_UARTEx_EnableStopMode), (50 bytes).
    Removing stm32f0xx_hal_uart_ex.o(i.HAL_UARTEx_ReceiveToIdle), (408 bytes).
    Removing stm32f0xx_hal_uart_ex.o(i.HAL_UARTEx_ReceiveToIdle_DMA), (132 bytes).
    Removing stm32f0xx_hal_uart_ex.o(i.HAL_UARTEx_StopModeWakeUpSourceConfig), (148 bytes).
    Removing stm32f0xx_hal_uart_ex.o(i.UARTEx_Wakeup_AddressConfig), (42 bytes).
    Removing system_stm32f0xx.o(.rev16_text), (4 bytes).
    Removing system_stm32f0xx.o(.revsh_text), (4 bytes).
    Removing system_stm32f0xx.o(i.SystemCoreClockUpdate), (176 bytes).
    Removing stm32f0xx_hal_tim.o(i.__ARM_common_switch8), (28 bytes).

458 unused section(s) (total 49706 bytes) removed from the image.

==============================================================================

Image Symbol Table

    Local Symbols

    Symbol Name                              Value     Ov Type        Size  Object(Section)

    ../Drivers/STM32F0xx_HAL_Driver/Src/stm32f0xx_hal.c 0x00000000   Number         0  stm32f0xx_hal.o ABSOLUTE
    ../Drivers/STM32F0xx_HAL_Driver/Src/stm32f0xx_hal_cortex.c 0x00000000   Number         0  stm32f0xx_hal_cortex.o ABSOLUTE
    ../Drivers/STM32F0xx_HAL_Driver/Src/stm32f0xx_hal_dma.c 0x00000000   Number         0  stm32f0xx_hal_dma.o ABSOLUTE
    ../Drivers/STM32F0xx_HAL_Driver/Src/stm32f0xx_hal_exti.c 0x00000000   Number         0  stm32f0xx_hal_exti.o ABSOLUTE
    ../Drivers/STM32F0xx_HAL_Driver/Src/stm32f0xx_hal_flash.c 0x00000000   Number         0  stm32f0xx_hal_flash.o ABSOLUTE
    ../Drivers/STM32F0xx_HAL_Driver/Src/stm32f0xx_hal_flash_ex.c 0x00000000   Number         0  stm32f0xx_hal_flash_ex.o ABSOLUTE
    ../Drivers/STM32F0xx_HAL_Driver/Src/stm32f0xx_hal_gpio.c 0x00000000   Number         0  stm32f0xx_hal_gpio.o ABSOLUTE
    ../Drivers/STM32F0xx_HAL_Driver/Src/stm32f0xx_hal_i2c.c 0x00000000   Number         0  stm32f0xx_hal_i2c.o ABSOLUTE
    ../Drivers/STM32F0xx_HAL_Driver/Src/stm32f0xx_hal_i2c_ex.c 0x00000000   Number         0  stm32f0xx_hal_i2c_ex.o ABSOLUTE
    ../Drivers/STM32F0xx_HAL_Driver/Src/stm32f0xx_hal_pwr.c 0x00000000   Number         0  stm32f0xx_hal_pwr.o ABSOLUTE
    ../Drivers/STM32F0xx_HAL_Driver/Src/stm32f0xx_hal_pwr_ex.c 0x00000000   Number         0  stm32f0xx_hal_pwr_ex.o ABSOLUTE
    ../Drivers/STM32F0xx_HAL_Driver/Src/stm32f0xx_hal_rcc.c 0x00000000   Number         0  stm32f0xx_hal_rcc.o ABSOLUTE
    ../Drivers/STM32F0xx_HAL_Driver/Src/stm32f0xx_hal_rcc_ex.c 0x00000000   Number         0  stm32f0xx_hal_rcc_ex.o ABSOLUTE
    ../Drivers/STM32F0xx_HAL_Driver/Src/stm32f0xx_hal_tim.c 0x00000000   Number         0  stm32f0xx_hal_tim.o ABSOLUTE
    ../Drivers/STM32F0xx_HAL_Driver/Src/stm32f0xx_hal_tim_ex.c 0x00000000   Number         0  stm32f0xx_hal_tim_ex.o ABSOLUTE
    ../Drivers/STM32F0xx_HAL_Driver/Src/stm32f0xx_hal_uart.c 0x00000000   Number         0  stm32f0xx_hal_uart.o ABSOLUTE
    ../Drivers/STM32F0xx_HAL_Driver/Src/stm32f0xx_hal_uart_ex.c 0x00000000   Number         0  stm32f0xx_hal_uart_ex.o ABSOLUTE
    ../Src/gpio.c                            0x00000000   Number         0  gpio.o ABSOLUTE
    ../Src/main.c                            0x00000000   Number         0  main.o ABSOLUTE
    ../Src/stm32f0xx_hal_msp.c               0x00000000   Number         0  stm32f0xx_hal_msp.o ABSOLUTE
    ../Src/stm32f0xx_it.c                    0x00000000   Number         0  stm32f0xx_it.o ABSOLUTE
    ../Src/system_stm32f0xx.c                0x00000000   Number         0  system_stm32f0xx.o ABSOLUTE
    ../Src/tim.c                             0x00000000   Number         0  tim.o ABSOLUTE
    ../Src/usart.c                           0x00000000   Number         0  usart.o ABSOLUTE
    ../clib/microlib/division.c              0x00000000   Number         0  uidiv.o ABSOLUTE
    ../clib/microlib/division.c              0x00000000   Number         0  idiv.o ABSOLUTE
    ../clib/microlib/division.c              0x00000000   Number         0  uldiv.o ABSOLUTE
    ../clib/microlib/init/entry.s            0x00000000   Number         0  entry8a.o ABSOLUTE
    ../clib/microlib/init/entry.s            0x00000000   Number         0  entry7b.o ABSOLUTE
    ../clib/microlib/init/entry.s            0x00000000   Number         0  entry8b.o ABSOLUTE
    ../clib/microlib/init/entry.s            0x00000000   Number         0  entry12b.o ABSOLUTE
    ../clib/microlib/init/entry.s            0x00000000   Number         0  entry11b.o ABSOLUTE
    ../clib/microlib/init/entry.s            0x00000000   Number         0  entry9a.o ABSOLUTE
    ../clib/microlib/init/entry.s            0x00000000   Number         0  entry7a.o ABSOLUTE
    ../clib/microlib/init/entry.s            0x00000000   Number         0  entry5.o ABSOLUTE
    ../clib/microlib/init/entry.s            0x00000000   Number         0  entry2.o ABSOLUTE
    ../clib/microlib/init/entry.s            0x00000000   Number         0  entry11a.o ABSOLUTE
    ../clib/microlib/init/entry.s            0x00000000   Number         0  entry12a.o ABSOLUTE
    ../clib/microlib/init/entry.s            0x00000000   Number         0  entry.o ABSOLUTE
    ../clib/microlib/init/entry.s            0x00000000   Number         0  entry10a.o ABSOLUTE
    ../clib/microlib/init/entry.s            0x00000000   Number         0  entry9b.o ABSOLUTE
    ../clib/microlib/init/entry.s            0x00000000   Number         0  entry10b.o ABSOLUTE
    ../clib/microlib/longlong.c              0x00000000   Number         0  llushr.o ABSOLUTE
    ../clib/microlib/longlong.c              0x00000000   Number         0  llshl.o ABSOLUTE
    ../clib/microlib/longlong.c              0x00000000   Number         0  llsshr.o ABSOLUTE
    ../clib/microlib/printf/printf.c         0x00000000   Number         0  printf5.o ABSOLUTE
    ../clib/microlib/printf/printf.c         0x00000000   Number         0  printf6.o ABSOLUTE
    ../clib/microlib/printf/printf.c         0x00000000   Number         0  printf7.o ABSOLUTE
    ../clib/microlib/printf/printf.c         0x00000000   Number         0  printfb.o ABSOLUTE
    ../clib/microlib/printf/printf.c         0x00000000   Number         0  printf0.o ABSOLUTE
    ../clib/microlib/printf/printf.c         0x00000000   Number         0  printf2.o ABSOLUTE
    ../clib/microlib/printf/printf.c         0x00000000   Number         0  printfa.o ABSOLUTE
    ../clib/microlib/printf/printf.c         0x00000000   Number         0  printf8.o ABSOLUTE
    ../clib/microlib/printf/printf.c         0x00000000   Number         0  printf3.o ABSOLUTE
    ../clib/microlib/printf/printf.c         0x00000000   Number         0  printf1.o ABSOLUTE
    ../clib/microlib/printf/printf.c         0x00000000   Number         0  printf4.o ABSOLUTE
    ../clib/microlib/printf/stubs.s          0x00000000   Number         0  stubs.o ABSOLUTE
    ../clib/microlib/stdio/fputc.c           0x00000000   Number         0  fputc.o ABSOLUTE
    ../clib/microlib/stdio/semi.s            0x00000000   Number         0  semi.o ABSOLUTE
    ../clib/microlib/stdio/streams.c         0x00000000   Number         0  stdout.o ABSOLUTE
    ../clib/microlib/string/memset.c         0x00000000   Number         0  memseta.o ABSOLUTE
    ../clib/microlib/stubs.s                 0x00000000   Number         0  iusefp.o ABSOLUTE
    ../clib/microlib/stubs.s                 0x00000000   Number         0  iusesemip.o ABSOLUTE
    ../fplib/microlib/fpadd.c                0x00000000   Number         0  dadd.o ABSOLUTE
    ../fplib/microlib/fpdiv.c                0x00000000   Number         0  ddiv.o ABSOLUTE
    ../fplib/microlib/fpepilogue.c           0x00000000   Number         0  depilogue.o ABSOLUTE
    ../fplib/microlib/fpfix.c                0x00000000   Number         0  dfixul.o ABSOLUTE
    ../fplib/microlib/fpmul.c                0x00000000   Number         0  dmul.o ABSOLUTE
    ..\Drivers\STM32F0xx_HAL_Driver\Src\stm32f0xx_hal.c 0x00000000   Number         0  stm32f0xx_hal.o ABSOLUTE
    ..\Drivers\STM32F0xx_HAL_Driver\Src\stm32f0xx_hal_cortex.c 0x00000000   Number         0  stm32f0xx_hal_cortex.o ABSOLUTE
    ..\Drivers\STM32F0xx_HAL_Driver\Src\stm32f0xx_hal_dma.c 0x00000000   Number         0  stm32f0xx_hal_dma.o ABSOLUTE
    ..\Drivers\STM32F0xx_HAL_Driver\Src\stm32f0xx_hal_exti.c 0x00000000   Number         0  stm32f0xx_hal_exti.o ABSOLUTE
    ..\Drivers\STM32F0xx_HAL_Driver\Src\stm32f0xx_hal_flash.c 0x00000000   Number         0  stm32f0xx_hal_flash.o ABSOLUTE
    ..\Drivers\STM32F0xx_HAL_Driver\Src\stm32f0xx_hal_flash_ex.c 0x00000000   Number         0  stm32f0xx_hal_flash_ex.o ABSOLUTE
    ..\Drivers\STM32F0xx_HAL_Driver\Src\stm32f0xx_hal_gpio.c 0x00000000   Number         0  stm32f0xx_hal_gpio.o ABSOLUTE
    ..\Drivers\STM32F0xx_HAL_Driver\Src\stm32f0xx_hal_i2c.c 0x00000000   Number         0  stm32f0xx_hal_i2c.o ABSOLUTE
    ..\Drivers\STM32F0xx_HAL_Driver\Src\stm32f0xx_hal_i2c_ex.c 0x00000000   Number         0  stm32f0xx_hal_i2c_ex.o ABSOLUTE
    ..\Drivers\STM32F0xx_HAL_Driver\Src\stm32f0xx_hal_pwr.c 0x00000000   Number         0  stm32f0xx_hal_pwr.o ABSOLUTE
    ..\Drivers\STM32F0xx_HAL_Driver\Src\stm32f0xx_hal_pwr_ex.c 0x00000000   Number         0  stm32f0xx_hal_pwr_ex.o ABSOLUTE
    ..\Drivers\STM32F0xx_HAL_Driver\Src\stm32f0xx_hal_rcc.c 0x00000000   Number         0  stm32f0xx_hal_rcc.o ABSOLUTE
    ..\Drivers\STM32F0xx_HAL_Driver\Src\stm32f0xx_hal_rcc_ex.c 0x00000000   Number         0  stm32f0xx_hal_rcc_ex.o ABSOLUTE
    ..\Drivers\STM32F0xx_HAL_Driver\Src\stm32f0xx_hal_tim.c 0x00000000   Number         0  stm32f0xx_hal_tim.o ABSOLUTE
    ..\Drivers\STM32F0xx_HAL_Driver\Src\stm32f0xx_hal_tim_ex.c 0x00000000   Number         0  stm32f0xx_hal_tim_ex.o ABSOLUTE
    ..\Drivers\STM32F0xx_HAL_Driver\Src\stm32f0xx_hal_uart.c 0x00000000   Number         0  stm32f0xx_hal_uart.o ABSOLUTE
    ..\Drivers\STM32F0xx_HAL_Driver\Src\stm32f0xx_hal_uart_ex.c 0x00000000   Number         0  stm32f0xx_hal_uart_ex.o ABSOLUTE
    ..\Src\gpio.c                            0x00000000   Number         0  gpio.o ABSOLUTE
    ..\Src\main.c                            0x00000000   Number         0  main.o ABSOLUTE
    ..\Src\stm32delays.c                     0x00000000   Number         0  stm32delays.o ABSOLUTE
    ..\Src\stm32driverlcd.c                  0x00000000   Number         0  stm32driverlcd.o ABSOLUTE
    ..\Src\stm32f0xx_hal_msp.c               0x00000000   Number         0  stm32f0xx_hal_msp.o ABSOLUTE
    ..\Src\stm32f0xx_it.c                    0x00000000   Number         0  stm32f0xx_it.o ABSOLUTE
    ..\Src\system_stm32f0xx.c                0x00000000   Number         0  system_stm32f0xx.o ABSOLUTE
    ..\Src\tim.c                             0x00000000   Number         0  tim.o ABSOLUTE
    ..\Src\usart.c                           0x00000000   Number         0  usart.o ABSOLUTE
    ..\\Src\\stm32delays.c                   0x00000000   Number         0  stm32delays.o ABSOLUTE
    ..\\Src\\stm32driverlcd.c                0x00000000   Number         0  stm32driverlcd.o ABSOLUTE
    cdrcmple.s                               0x00000000   Number         0  cdrcmple.o ABSOLUTE
    dc.s                                     0x00000000   Number         0  dc.o ABSOLUTE
    handlers.s                               0x00000000   Number         0  handlers.o ABSOLUTE
    init.s                                   0x00000000   Number         0  init.o ABSOLUTE
    startup_stm32f051x8.s                    0x00000000   Number         0  startup_stm32f051x8.o ABSOLUTE
    RESET                                    0x08000000   Section      188  startup_stm32f051x8.o(RESET)
    .ARM.Collect$$$$00000000                 0x080000bc   Section        0  entry.o(.ARM.Collect$$$$00000000)
    .ARM.Collect$$$$00000001                 0x080000bc   Section        4  entry2.o(.ARM.Collect$$$$00000001)
    .ARM.Collect$$$$00000004                 0x080000c0   Section        4  entry5.o(.ARM.Collect$$$$00000004)
    .ARM.Collect$$$$00000008                 0x080000c4   Section        0  entry7b.o(.ARM.Collect$$$$00000008)
    .ARM.Collect$$$$0000000A                 0x080000c4   Section        0  entry8b.o(.ARM.Collect$$$$0000000A)
    .ARM.Collect$$$$0000000B                 0x080000c4   Section        8  entry9a.o(.ARM.Collect$$$$0000000B)
    .ARM.Collect$$$$0000000E                 0x080000cc   Section        4  entry12b.o(.ARM.Collect$$$$0000000E)
    .ARM.Collect$$$$0000000F                 0x080000d0   Section        0  entry10a.o(.ARM.Collect$$$$0000000F)
    .ARM.Collect$$$$00000011                 0x080000d0   Section        0  entry11a.o(.ARM.Collect$$$$00000011)
    .ARM.Collect$$$$00002712                 0x080000d0   Section        4  entry2.o(.ARM.Collect$$$$00002712)
    __lit__00000000                          0x080000d0   Data           4  entry2.o(.ARM.Collect$$$$00002712)
    .text                                    0x080000d4   Section       28  startup_stm32f051x8.o(.text)
    .text                                    0x080000f0   Section        0  uidiv.o(.text)
    .text                                    0x0800011c   Section        0  idiv.o(.text)
    .text                                    0x08000144   Section        0  uldiv.o(.text)
    .text                                    0x080001a4   Section        0  llushr.o(.text)
    .text                                    0x080001c6   Section        0  memseta.o(.text)
    .text                                    0x080001ea   Section        0  llshl.o(.text)
    .text                                    0x0800020a   Section        0  iusefp.o(.text)
    .text                                    0x0800020c   Section        0  dadd.o(.text)
    .text                                    0x08000374   Section        0  dmul.o(.text)
    .text                                    0x08000444   Section        0  ddiv.o(.text)
    .text                                    0x08000534   Section        0  dfixul.o(.text)
    .text                                    0x08000574   Section       40  cdrcmple.o(.text)
    .text                                    0x0800059c   Section       36  init.o(.text)
    .text                                    0x080005c0   Section        0  llsshr.o(.text)
    .text                                    0x080005e6   Section        0  depilogue.o(.text)
    i.Error_Handler                          0x080006a4   Section        0  main.o(i.Error_Handler)
    i.Function_Acknowledge_Protocole         0x080006a8   Section        0  main.o(i.Function_Acknowledge_Protocole)
    i.Function_CRC_check_and_create          0x080006ec   Section        0  main.o(i.Function_CRC_check_and_create)
    i.Function_Translate_Trame               0x0800070c   Section        0  main.o(i.Function_Translate_Trame)
    i.Function_Verification_CRC_Header       0x08000838   Section        0  main.o(i.Function_Verification_CRC_Header)
    i.Gestion_switch                         0x08000888   Section        0  main.o(i.Gestion_switch)
    i.HAL_DMA_Abort                          0x08000914   Section        0  stm32f0xx_hal_dma.o(i.HAL_DMA_Abort)
    i.HAL_DMA_Abort_IT                       0x08000966   Section        0  stm32f0xx_hal_dma.o(i.HAL_DMA_Abort_IT)
    i.HAL_Delay                              0x080009c0   Section        0  stm32f0xx_hal.o(i.HAL_Delay)
    i.HAL_GPIO_Init                          0x080009ec   Section        0  stm32f0xx_hal_gpio.o(i.HAL_GPIO_Init)
    i.HAL_GPIO_ReadPin                       0x08000bd4   Section        0  stm32f0xx_hal_gpio.o(i.HAL_GPIO_ReadPin)
    i.HAL_GPIO_TogglePin                     0x08000be6   Section        0  stm32f0xx_hal_gpio.o(i.HAL_GPIO_TogglePin)
    i.HAL_GPIO_WritePin                      0x08000bfa   Section        0  stm32f0xx_hal_gpio.o(i.HAL_GPIO_WritePin)
    i.HAL_GetTick                            0x08000c08   Section        0  stm32f0xx_hal.o(i.HAL_GetTick)
    i.HAL_IncTick                            0x08000c14   Section        0  stm32f0xx_hal.o(i.HAL_IncTick)
    i.HAL_Init                               0x08000c2c   Section        0  stm32f0xx_hal.o(i.HAL_Init)
    i.HAL_InitTick                           0x08000c4c   Section        0  stm32f0xx_hal.o(i.HAL_InitTick)
    i.HAL_MspInit                            0x08000ca0   Section        0  stm32f0xx_hal_msp.o(i.HAL_MspInit)
    i.HAL_NVIC_EnableIRQ                     0x08000ce0   Section        0  stm32f0xx_hal_cortex.o(i.HAL_NVIC_EnableIRQ)
    i.HAL_NVIC_SetPriority                   0x08000cfc   Section        0  stm32f0xx_hal_cortex.o(i.HAL_NVIC_SetPriority)
    i.HAL_RCCEx_PeriphCLKConfig              0x08000d10   Section        0  stm32f0xx_hal_rcc_ex.o(i.HAL_RCCEx_PeriphCLKConfig)
    i.HAL_RCC_CSSCallback                    0x08000e7c   Section        0  stm32f0xx_hal_rcc.o(i.HAL_RCC_CSSCallback)
    i.HAL_RCC_ClockConfig                    0x08000e80   Section        0  stm32f0xx_hal_rcc.o(i.HAL_RCC_ClockConfig)
    i.HAL_RCC_EnableCSS                      0x08000fec   Section        0  stm32f0xx_hal_rcc.o(i.HAL_RCC_EnableCSS)
    i.HAL_RCC_GetHCLKFreq                    0x08001000   Section        0  stm32f0xx_hal_rcc.o(i.HAL_RCC_GetHCLKFreq)
    i.HAL_RCC_GetPCLK1Freq                   0x0800100c   Section        0  stm32f0xx_hal_rcc.o(i.HAL_RCC_GetPCLK1Freq)
    i.HAL_RCC_GetSysClockFreq                0x08001030   Section        0  stm32f0xx_hal_rcc.o(i.HAL_RCC_GetSysClockFreq)
    i.HAL_RCC_NMI_IRQHandler                 0x08001100   Section        0  stm32f0xx_hal_rcc.o(i.HAL_RCC_NMI_IRQHandler)
    i.HAL_RCC_OscConfig                      0x08001120   Section        0  stm32f0xx_hal_rcc.o(i.HAL_RCC_OscConfig)
    i.HAL_SYSTICK_Config                     0x080016ac   Section        0  stm32f0xx_hal_cortex.o(i.HAL_SYSTICK_Config)
    i.HAL_TIMEx_BreakCallback                0x080016e4   Section        0  stm32f0xx_hal_tim_ex.o(i.HAL_TIMEx_BreakCallback)
    i.HAL_TIMEx_CommutCallback               0x080016e6   Section        0  stm32f0xx_hal_tim_ex.o(i.HAL_TIMEx_CommutCallback)
    i.HAL_TIMEx_MasterConfigSynchronization  0x080016e8   Section        0  stm32f0xx_hal_tim_ex.o(i.HAL_TIMEx_MasterConfigSynchronization)
    i.HAL_TIM_Base_Init                      0x08001774   Section        0  stm32f0xx_hal_tim.o(i.HAL_TIM_Base_Init)
    i.HAL_TIM_Base_MspInit                   0x080017d8   Section        0  tim.o(i.HAL_TIM_Base_MspInit)
    i.HAL_TIM_Base_Start_IT                  0x0800181c   Section        0  stm32f0xx_hal_tim.o(i.HAL_TIM_Base_Start_IT)
    i.HAL_TIM_IC_CaptureCallback             0x08001894   Section        0  stm32f0xx_hal_tim.o(i.HAL_TIM_IC_CaptureCallback)
    i.HAL_TIM_IRQHandler                     0x08001896   Section        0  stm32f0xx_hal_tim.o(i.HAL_TIM_IRQHandler)
    i.HAL_TIM_OC_DelayElapsedCallback        0x08001a5e   Section        0  stm32f0xx_hal_tim.o(i.HAL_TIM_OC_DelayElapsedCallback)
    i.HAL_TIM_PWM_PulseFinishedCallback      0x08001a60   Section        0  stm32f0xx_hal_tim.o(i.HAL_TIM_PWM_PulseFinishedCallback)
    i.HAL_TIM_PeriodElapsedCallback          0x08001a64   Section        0  main.o(i.HAL_TIM_PeriodElapsedCallback)
    i.HAL_TIM_TriggerCallback                0x08001ab0   Section        0  stm32f0xx_hal_tim.o(i.HAL_TIM_TriggerCallback)
    i.HAL_UARTEx_ReceiveToIdle_IT            0x08001ab2   Section        0  stm32f0xx_hal_uart_ex.o(i.HAL_UARTEx_ReceiveToIdle_IT)
    i.HAL_UARTEx_RxEventCallback             0x08001b38   Section        0  main.o(i.HAL_UARTEx_RxEventCallback)
    i.HAL_UARTEx_WakeupCallback              0x08001b48   Section        0  stm32f0xx_hal_uart_ex.o(i.HAL_UARTEx_WakeupCallback)
    i.HAL_UART_ErrorCallback                 0x08001b4a   Section        0  stm32f0xx_hal_uart.o(i.HAL_UART_ErrorCallback)
    i.HAL_UART_IRQHandler                    0x08001b4c   Section        0  stm32f0xx_hal_uart.o(i.HAL_UART_IRQHandler)
    i.HAL_UART_Init                          0x08001e58   Section        0  stm32f0xx_hal_uart.o(i.HAL_UART_Init)
    i.HAL_UART_MspInit                       0x08001ed8   Section        0  usart.o(i.HAL_UART_MspInit)
    i.HAL_UART_RxCpltCallback                0x08001f68   Section        0  stm32f0xx_hal_uart.o(i.HAL_UART_RxCpltCallback)
    i.HAL_UART_Transmit                      0x08001f6a   Section        0  stm32f0xx_hal_uart.o(i.HAL_UART_Transmit)
    i.HAL_UART_TxCpltCallback                0x0800206c   Section        0  stm32f0xx_hal_uart.o(i.HAL_UART_TxCpltCallback)
    i.HardFault_Handler                      0x0800206e   Section        0  stm32f0xx_it.o(i.HardFault_Handler)
    i.MX_GPIO_Init                           0x08002074   Section        0  gpio.o(i.MX_GPIO_Init)
    i.MX_TIM6_Init                           0x0800218c   Section        0  tim.o(i.MX_TIM6_Init)
    i.MX_USART1_UART_Init                    0x080021dc   Section        0  usart.o(i.MX_USART1_UART_Init)
    i.NMI_Handler                            0x08002220   Section        0  stm32f0xx_it.o(i.NMI_Handler)
    i.PendSV_Handler                         0x08002228   Section        0  stm32f0xx_it.o(i.PendSV_Handler)
    i.SVC_Handler                            0x0800222a   Section        0  stm32f0xx_it.o(i.SVC_Handler)
    i.SysTick_Handler                        0x0800222c   Section        0  stm32f0xx_it.o(i.SysTick_Handler)
    i.SystemClock_Config                     0x08002234   Section        0  main.o(i.SystemClock_Config)
    i.SystemInit                             0x080022b2   Section        0  system_stm32f0xx.o(i.SystemInit)
    i.TIM6_DAC_IRQHandler                    0x080022b4   Section        0  stm32f0xx_it.o(i.TIM6_DAC_IRQHandler)
    i.TIM_Base_SetConfig                     0x080022c4   Section        0  stm32f0xx_hal_tim.o(i.TIM_Base_SetConfig)
    i.UART_AdvFeatureConfig                  0x08002374   Section        0  stm32f0xx_hal_uart.o(i.UART_AdvFeatureConfig)
    i.UART_CheckIdleState                    0x08002464   Section        0  stm32f0xx_hal_uart.o(i.UART_CheckIdleState)
    i.UART_DMAAbortOnError                   0x080024d8   Section        0  stm32f0xx_hal_uart.o(i.UART_DMAAbortOnError)
    UART_DMAAbortOnError                     0x080024d9   Thumb Code    24  stm32f0xx_hal_uart.o(i.UART_DMAAbortOnError)
    i.UART_EndRxTransfer                     0x080024f0   Section        0  stm32f0xx_hal_uart.o(i.UART_EndRxTransfer)
    UART_EndRxTransfer                       0x080024f1   Thumb Code    56  stm32f0xx_hal_uart.o(i.UART_EndRxTransfer)
    i.UART_EndTransmit_IT                    0x08002528   Section        0  stm32f0xx_hal_uart.o(i.UART_EndTransmit_IT)
    UART_EndTransmit_IT                      0x08002529   Thumb Code    32  stm32f0xx_hal_uart.o(i.UART_EndTransmit_IT)
    i.UART_RxISR_16BIT                       0x08002548   Section        0  stm32f0xx_hal_uart.o(i.UART_RxISR_16BIT)
    UART_RxISR_16BIT                         0x08002549   Thumb Code   140  stm32f0xx_hal_uart.o(i.UART_RxISR_16BIT)
    i.UART_RxISR_8BIT                        0x080025d4   Section        0  stm32f0xx_hal_uart.o(i.UART_RxISR_8BIT)
    UART_RxISR_8BIT                          0x080025d5   Thumb Code   140  stm32f0xx_hal_uart.o(i.UART_RxISR_8BIT)
    i.UART_SendData                          0x08002660   Section        0  main.o(i.UART_SendData)
    i.UART_SendState_BTN                     0x0800267c   Section        0  main.o(i.UART_SendState_BTN)
    i.UART_SetConfig                         0x080026cc   Section        0  stm32f0xx_hal_uart.o(i.UART_SetConfig)
    i.UART_Start_Receive_IT                  0x08002868   Section        0  stm32f0xx_hal_uart.o(i.UART_Start_Receive_IT)
    i.UART_WaitOnFlagUntilTimeout            0x08002918   Section        0  stm32f0xx_hal_uart.o(i.UART_WaitOnFlagUntilTimeout)
    i.USART1_IRQHandler                      0x080029d8   Section        0  stm32f0xx_it.o(i.USART1_IRQHandler)
    i.__0sprintf                             0x080029e8   Section        0  printfa.o(i.__0sprintf)
    i.__0vsprintf                            0x08002a10   Section        0  printfa.o(i.__0vsprintf)
    i.__ARM_clz                              0x08002a34   Section        0  depilogue.o(i.__ARM_clz)
    i.__ARM_common_ll_muluu                  0x08002a62   Section        0  stm32f0xx_hal_rcc.o(i.__ARM_common_ll_muluu)
    i.__NVIC_SetPriority                     0x08002a94   Section        0  stm32f0xx_hal_cortex.o(i.__NVIC_SetPriority)
    __NVIC_SetPriority                       0x08002a95   Thumb Code   110  stm32f0xx_hal_cortex.o(i.__NVIC_SetPriority)
    i.__scatterload_copy                     0x08002b0c   Section       14  handlers.o(i.__scatterload_copy)
    i.__scatterload_null                     0x08002b1a   Section        2  handlers.o(i.__scatterload_null)
    i.__scatterload_zeroinit                 0x08002b1c   Section       14  handlers.o(i.__scatterload_zeroinit)
    i._fp_digits                             0x08002b2c   Section        0  printfa.o(i._fp_digits)
    _fp_digits                               0x08002b2d   Thumb Code   344  printfa.o(i._fp_digits)
    i._printf_core                           0x08002ca0   Section        0  printfa.o(i._printf_core)
    _printf_core                             0x08002ca1   Thumb Code  1760  printfa.o(i._printf_core)
    i._printf_post_padding                   0x08003390   Section        0  printfa.o(i._printf_post_padding)
    _printf_post_padding                     0x08003391   Thumb Code    32  printfa.o(i._printf_post_padding)
    i._printf_pre_padding                    0x080033b0   Section        0  printfa.o(i._printf_pre_padding)
    _printf_pre_padding                      0x080033b1   Thumb Code    44  printfa.o(i._printf_pre_padding)
    i._sputc                                 0x080033dc   Section        0  printfa.o(i._sputc)
    _sputc                                   0x080033dd   Thumb Code    10  printfa.o(i._sputc)
    i.delay500ns                             0x080033e6   Section        0  stm32delays.o(i.delay500ns)
    i.delay_ms                               0x080033ea   Section        0  stm32delays.o(i.delay_ms)
    i.delay_us                               0x080033fc   Section        0  stm32delays.o(i.delay_us)
    i.lcd_bl_on                              0x08003440   Section        0  stm32driverlcd.o(i.lcd_bl_on)
    i.lcd_checkbf                            0x08003450   Section        0  stm32driverlcd.o(i.lcd_checkbf)
    i.lcd_clearLine                          0x080034c0   Section        0  stm32driverlcd.o(i.lcd_clearLine)
    i.lcd_gotoxy                             0x080034e8   Section        0  stm32driverlcd.o(i.lcd_gotoxy)
    i.lcd_init                               0x0800350c   Section        0  stm32driverlcd.o(i.lcd_init)
    i.lcd_put_string_ram                     0x08003590   Section        0  stm32driverlcd.o(i.lcd_put_string_ram)
    i.lcd_putc                               0x080035a6   Section        0  stm32driverlcd.o(i.lcd_putc)
    i.lcd_send_byte                          0x080035d4   Section        0  stm32driverlcd.o(i.lcd_send_byte)
    i.lcd_send_nibble                        0x08003618   Section        0  stm32driverlcd.o(i.lcd_send_nibble)
    i.main                                   0x08003650   Section        0  main.o(i.main)
    i.printf_lcd                             0x08003730   Section        0  stm32driverlcd.o(i.printf_lcd)
    .constdata                               0x08003756   Section        5  stm32driverlcd.o(.constdata)
    .constdata                               0x0800375b   Section       24  system_stm32f0xx.o(.constdata)
    .data                                    0x20000000   Section       12  main.o(.data)
    count_ms                                 0x20000004   Data           4  main.o(.data)
    tab_Sw_prece                             0x20000008   Data           4  main.o(.data)
    .data                                    0x2000000c   Section        9  stm32f0xx_hal.o(.data)
    .data                                    0x20000018   Section        4  system_stm32f0xx.o(.data)
    .bss                                     0x2000001c   Section      264  main.o(.bss)
    .bss                                     0x20000124   Section       72  tim.o(.bss)
    .bss                                     0x2000016c   Section      132  usart.o(.bss)
    STACK                                    0x200001f0   Section     1024  startup_stm32f051x8.o(STACK)

    Global Symbols

    Symbol Name                              Value     Ov Type        Size  Object(Section)

    BuildAttributes$$THM_ISAv3M$S$PE$A:L22$X:L11$S22$IEEE1$IW$USESV6$~STKCKD$USESV7$~SHL$OSPACE$ROPI$EBA8$MICROLIB$REQ8$PRES8$EABIv2 0x00000000   Number         0  anon$$obj.o ABSOLUTE
    __ARM_use_no_argv                        0x00000000   Number         0  main.o ABSOLUTE
    _printf_a                                0x00000000   Number         0  stubs.o ABSOLUTE
    _printf_c                                0x00000000   Number         0  stubs.o ABSOLUTE
    _printf_charcount                        0x00000000   Number         0  stubs.o ABSOLUTE
    _printf_d                                0x00000000   Number         0  stubs.o ABSOLUTE
    _printf_e                                0x00000000   Number         0  stubs.o ABSOLUTE
    _printf_f                                0x00000000   Number         0  stubs.o ABSOLUTE
    _printf_flags                            0x00000000   Number         0  stubs.o ABSOLUTE
    _printf_fp_dec                           0x00000000   Number         0  stubs.o ABSOLUTE
    _printf_fp_hex                           0x00000000   Number         0  stubs.o ABSOLUTE
    _printf_g                                0x00000000   Number         0  stubs.o ABSOLUTE
    _printf_i                                0x00000000   Number         0  stubs.o ABSOLUTE
    _printf_int_dec                          0x00000000   Number         0  stubs.o ABSOLUTE
    _printf_l                                0x00000000   Number         0  stubs.o ABSOLUTE
    _printf_lc                               0x00000000   Number         0  stubs.o ABSOLUTE
    _printf_ll                               0x00000000   Number         0  stubs.o ABSOLUTE
    _printf_lld                              0x00000000   Number         0  stubs.o ABSOLUTE
    _printf_lli                              0x00000000   Number         0  stubs.o ABSOLUTE
    _printf_llo                              0x00000000   Number         0  stubs.o ABSOLUTE
    _printf_llu                              0x00000000   Number         0  stubs.o ABSOLUTE
    _printf_llx                              0x00000000   Number         0  stubs.o ABSOLUTE
    _printf_longlong_dec                     0x00000000   Number         0  stubs.o ABSOLUTE
    _printf_longlong_hex                     0x00000000   Number         0  stubs.o ABSOLUTE
    _printf_longlong_oct                     0x00000000   Number         0  stubs.o ABSOLUTE
    _printf_ls                               0x00000000   Number         0  stubs.o ABSOLUTE
    _printf_mbtowc                           0x00000000   Number         0  stubs.o ABSOLUTE
    _printf_n                                0x00000000   Number         0  stubs.o ABSOLUTE
    _printf_o                                0x00000000   Number         0  stubs.o ABSOLUTE
    _printf_p                                0x00000000   Number         0  stubs.o ABSOLUTE
    _printf_percent                          0x00000000   Number         0  stubs.o ABSOLUTE
    _printf_pre_padding                      0x00000000   Number         0  stubs.o ABSOLUTE
    _printf_return_value                     0x00000000   Number         0  stubs.o ABSOLUTE
    _printf_s                                0x00000000   Number         0  stubs.o ABSOLUTE
    _printf_sizespec                         0x00000000   Number         0  stubs.o ABSOLUTE
    _printf_str                              0x00000000   Number         0  stubs.o ABSOLUTE
    _printf_truncate_signed                  0x00000000   Number         0  stubs.o ABSOLUTE
    _printf_truncate_unsigned                0x00000000   Number         0  stubs.o ABSOLUTE
    _printf_u                                0x00000000   Number         0  stubs.o ABSOLUTE
    _printf_wc                               0x00000000   Number         0  stubs.o ABSOLUTE
    _printf_wctomb                           0x00000000   Number         0  stubs.o ABSOLUTE
    _printf_widthprec                        0x00000000   Number         0  stubs.o ABSOLUTE
    _printf_x                                0x00000000   Number         0  stubs.o ABSOLUTE
    __arm_fini_                               - Undefined Weak Reference
    __cpp_initialize__aeabi_                  - Undefined Weak Reference
    __cxa_finalize                            - Undefined Weak Reference
    __decompress                              - Undefined Weak Reference
    _clock_init                               - Undefined Weak Reference
    _microlib_exit                            - Undefined Weak Reference
    __Vectors_Size                           0x000000bc   Number         0  startup_stm32f051x8.o ABSOLUTE
    __Vectors                                0x08000000   Data           4  startup_stm32f051x8.o(RESET)
    __Vectors_End                            0x080000bc   Data           0  startup_stm32f051x8.o(RESET)
    __main                                   0x080000bd   Thumb Code     0  entry.o(.ARM.Collect$$$$00000000)
    _main_stk                                0x080000bd   Thumb Code     0  entry2.o(.ARM.Collect$$$$00000001)
    _main_scatterload                        0x080000c1   Thumb Code     0  entry5.o(.ARM.Collect$$$$00000004)
    __main_after_scatterload                 0x080000c5   Thumb Code     0  entry5.o(.ARM.Collect$$$$00000004)
    _main_clock                              0x080000c5   Thumb Code     0  entry7b.o(.ARM.Collect$$$$00000008)
    _main_cpp_init                           0x080000c5   Thumb Code     0  entry8b.o(.ARM.Collect$$$$0000000A)
    _main_init                               0x080000c5   Thumb Code     0  entry9a.o(.ARM.Collect$$$$0000000B)
    __rt_lib_shutdown_fini                   0x080000cd   Thumb Code     0  entry12b.o(.ARM.Collect$$$$0000000E)
    __rt_final_cpp                           0x080000d1   Thumb Code     0  entry10a.o(.ARM.Collect$$$$0000000F)
    __rt_final_exit                          0x080000d1   Thumb Code     0  entry11a.o(.ARM.Collect$$$$00000011)
    Reset_Handler                            0x080000d5   Thumb Code     8  startup_stm32f051x8.o(.text)
    ADC1_COMP_IRQHandler                     0x080000e7   Thumb Code     0  startup_stm32f051x8.o(.text)
    CEC_IRQHandler                           0x080000e7   Thumb Code     0  startup_stm32f051x8.o(.text)
    DMA1_Channel1_IRQHandler                 0x080000e7   Thumb Code     0  startup_stm32f051x8.o(.text)
    DMA1_Channel2_3_IRQHandler               0x080000e7   Thumb Code     0  startup_stm32f051x8.o(.text)
    DMA1_Channel4_5_IRQHandler               0x080000e7   Thumb Code     0  startup_stm32f051x8.o(.text)
    EXTI0_1_IRQHandler                       0x080000e7   Thumb Code     0  startup_stm32f051x8.o(.text)
    EXTI2_3_IRQHandler                       0x080000e7   Thumb Code     0  startup_stm32f051x8.o(.text)
    EXTI4_15_IRQHandler                      0x080000e7   Thumb Code     0  startup_stm32f051x8.o(.text)
    FLASH_IRQHandler                         0x080000e7   Thumb Code     0  startup_stm32f051x8.o(.text)
    I2C1_IRQHandler                          0x080000e7   Thumb Code     0  startup_stm32f051x8.o(.text)
    I2C2_IRQHandler                          0x080000e7   Thumb Code     0  startup_stm32f051x8.o(.text)
    PVD_IRQHandler                           0x080000e7   Thumb Code     0  startup_stm32f051x8.o(.text)
    RCC_IRQHandler                           0x080000e7   Thumb Code     0  startup_stm32f051x8.o(.text)
    RTC_IRQHandler                           0x080000e7   Thumb Code     0  startup_stm32f051x8.o(.text)
    SPI1_IRQHandler                          0x080000e7   Thumb Code     0  startup_stm32f051x8.o(.text)
    SPI2_IRQHandler                          0x080000e7   Thumb Code     0  startup_stm32f051x8.o(.text)
    TIM14_IRQHandler                         0x080000e7   Thumb Code     0  startup_stm32f051x8.o(.text)
    TIM15_IRQHandler                         0x080000e7   Thumb Code     0  startup_stm32f051x8.o(.text)
    TIM16_IRQHandler                         0x080000e7   Thumb Code     0  startup_stm32f051x8.o(.text)
    TIM17_IRQHandler                         0x080000e7   Thumb Code     0  startup_stm32f051x8.o(.text)
    TIM1_BRK_UP_TRG_COM_IRQHandler           0x080000e7   Thumb Code     0  startup_stm32f051x8.o(.text)
    TIM1_CC_IRQHandler                       0x080000e7   Thumb Code     0  startup_stm32f051x8.o(.text)
    TIM2_IRQHandler                          0x080000e7   Thumb Code     0  startup_stm32f051x8.o(.text)
    TIM3_IRQHandler                          0x080000e7   Thumb Code     0  startup_stm32f051x8.o(.text)
    TSC_IRQHandler                           0x080000e7   Thumb Code     0  startup_stm32f051x8.o(.text)
    USART2_IRQHandler                        0x080000e7   Thumb Code     0  startup_stm32f051x8.o(.text)
    WWDG_IRQHandler                          0x080000e7   Thumb Code     0  startup_stm32f051x8.o(.text)
    __aeabi_uidiv                            0x080000f1   Thumb Code     0  uidiv.o(.text)
    __aeabi_uidivmod                         0x080000f1   Thumb Code    44  uidiv.o(.text)
    __aeabi_idiv                             0x0800011d   Thumb Code     0  idiv.o(.text)
    __aeabi_idivmod                          0x0800011d   Thumb Code    40  idiv.o(.text)
    __aeabi_uldivmod                         0x08000145   Thumb Code    96  uldiv.o(.text)
    __aeabi_llsr                             0x080001a5   Thumb Code    34  llushr.o(.text)
    _ll_ushift_r                             0x080001a5   Thumb Code     0  llushr.o(.text)
    __aeabi_memset                           0x080001c7   Thumb Code    14  memseta.o(.text)
    __aeabi_memset4                          0x080001c7   Thumb Code     0  memseta.o(.text)
    __aeabi_memset8                          0x080001c7   Thumb Code     0  memseta.o(.text)
    __aeabi_memclr                           0x080001d5   Thumb Code     4  memseta.o(.text)
    __aeabi_memclr4                          0x080001d5   Thumb Code     0  memseta.o(.text)
    __aeabi_memclr8                          0x080001d5   Thumb Code     0  memseta.o(.text)
    _memset$wrapper                          0x080001d9   Thumb Code    18  memseta.o(.text)
    __aeabi_llsl                             0x080001eb   Thumb Code    32  llshl.o(.text)
    _ll_shift_l                              0x080001eb   Thumb Code     0  llshl.o(.text)
    __I$use$fp                               0x0800020b   Thumb Code     0  iusefp.o(.text)
    __aeabi_dadd                             0x0800020d   Thumb Code   330  dadd.o(.text)
    __aeabi_dsub                             0x08000357   Thumb Code    12  dadd.o(.text)
    __aeabi_drsub                            0x08000363   Thumb Code    12  dadd.o(.text)
    __aeabi_dmul                             0x08000375   Thumb Code   202  dmul.o(.text)
    __aeabi_ddiv                             0x08000445   Thumb Code   234  ddiv.o(.text)
    __aeabi_d2ulz                            0x08000535   Thumb Code    54  dfixul.o(.text)
    __aeabi_cdrcmple                         0x08000575   Thumb Code    38  cdrcmple.o(.text)
    __scatterload                            0x0800059d   Thumb Code    28  init.o(.text)
    __scatterload_rt2                        0x0800059d   Thumb Code     0  init.o(.text)
    __aeabi_lasr                             0x080005c1   Thumb Code    38  llsshr.o(.text)
    _ll_sshift_r                             0x080005c1   Thumb Code     0  llsshr.o(.text)
    _double_round                            0x080005e7   Thumb Code    26  depilogue.o(.text)
    _double_epilogue                         0x08000601   Thumb Code   164  depilogue.o(.text)
    Error_Handler                            0x080006a5   Thumb Code     2  main.o(i.Error_Handler)
    Function_Acknowledge_Protocole           0x080006a9   Thumb Code    58  main.o(i.Function_Acknowledge_Protocole)
    Function_CRC_check_and_create            0x080006ed   Thumb Code    30  main.o(i.Function_CRC_check_and_create)
    Function_Translate_Trame                 0x0800070d   Thumb Code   276  main.o(i.Function_Translate_Trame)
    Function_Verification_CRC_Header         0x08000839   Thumb Code    72  main.o(i.Function_Verification_CRC_Header)
    Gestion_switch                           0x08000889   Thumb Code   132  main.o(i.Gestion_switch)
    HAL_DMA_Abort                            0x08000915   Thumb Code    82  stm32f0xx_hal_dma.o(i.HAL_DMA_Abort)
    HAL_DMA_Abort_IT                         0x08000967   Thumb Code    88  stm32f0xx_hal_dma.o(i.HAL_DMA_Abort_IT)
    HAL_Delay                                0x080009c1   Thumb Code    38  stm32f0xx_hal.o(i.HAL_Delay)
    HAL_GPIO_Init                            0x080009ed   Thumb Code   464  stm32f0xx_hal_gpio.o(i.HAL_GPIO_Init)
    HAL_GPIO_ReadPin                         0x08000bd5   Thumb Code    18  stm32f0xx_hal_gpio.o(i.HAL_GPIO_ReadPin)
    HAL_GPIO_TogglePin                       0x08000be7   Thumb Code    20  stm32f0xx_hal_gpio.o(i.HAL_GPIO_TogglePin)
    HAL_GPIO_WritePin                        0x08000bfb   Thumb Code    12  stm32f0xx_hal_gpio.o(i.HAL_GPIO_WritePin)
    HAL_GetTick                              0x08000c09   Thumb Code     6  stm32f0xx_hal.o(i.HAL_GetTick)
    HAL_IncTick                              0x08000c15   Thumb Code    16  stm32f0xx_hal.o(i.HAL_IncTick)
    HAL_Init                                 0x08000c2d   Thumb Code    28  stm32f0xx_hal.o(i.HAL_Init)
    HAL_InitTick                             0x08000c4d   Thumb Code    70  stm32f0xx_hal.o(i.HAL_InitTick)
    HAL_MspInit                              0x08000ca1   Thumb Code    60  stm32f0xx_hal_msp.o(i.HAL_MspInit)
    HAL_NVIC_EnableIRQ                       0x08000ce1   Thumb Code    22  stm32f0xx_hal_cortex.o(i.HAL_NVIC_EnableIRQ)
    HAL_NVIC_SetPriority                     0x08000cfd   Thumb Code    18  stm32f0xx_hal_cortex.o(i.HAL_NVIC_SetPriority)
    HAL_RCCEx_PeriphCLKConfig                0x08000d11   Thumb Code   350  stm32f0xx_hal_rcc_ex.o(i.HAL_RCCEx_PeriphCLKConfig)
    HAL_RCC_CSSCallback                      0x08000e7d   Thumb Code     2  stm32f0xx_hal_rcc.o(i.HAL_RCC_CSSCallback)
    HAL_RCC_ClockConfig                      0x08000e81   Thumb Code   342  stm32f0xx_hal_rcc.o(i.HAL_RCC_ClockConfig)
    HAL_RCC_EnableCSS                        0x08000fed   Thumb Code    16  stm32f0xx_hal_rcc.o(i.HAL_RCC_EnableCSS)
    HAL_RCC_GetHCLKFreq                      0x08001001   Thumb Code     6  stm32f0xx_hal_rcc.o(i.HAL_RCC_GetHCLKFreq)
    HAL_RCC_GetPCLK1Freq                     0x0800100d   Thumb Code    26  stm32f0xx_hal_rcc.o(i.HAL_RCC_GetPCLK1Freq)
    HAL_RCC_GetSysClockFreq                  0x08001031   Thumb Code   162  stm32f0xx_hal_rcc.o(i.HAL_RCC_GetSysClockFreq)
    HAL_RCC_NMI_IRQHandler                   0x08001101   Thumb Code    26  stm32f0xx_hal_rcc.o(i.HAL_RCC_NMI_IRQHandler)
    HAL_RCC_OscConfig                        0x08001121   Thumb Code  1416  stm32f0xx_hal_rcc.o(i.HAL_RCC_OscConfig)
    HAL_SYSTICK_Config                       0x080016ad   Thumb Code    46  stm32f0xx_hal_cortex.o(i.HAL_SYSTICK_Config)
    HAL_TIMEx_BreakCallback                  0x080016e5   Thumb Code     2  stm32f0xx_hal_tim_ex.o(i.HAL_TIMEx_BreakCallback)
    HAL_TIMEx_CommutCallback                 0x080016e7   Thumb Code     2  stm32f0xx_hal_tim_ex.o(i.HAL_TIMEx_CommutCallback)
    HAL_TIMEx_MasterConfigSynchronization    0x080016e9   Thumb Code   128  stm32f0xx_hal_tim_ex.o(i.HAL_TIMEx_MasterConfigSynchronization)
    HAL_TIM_Base_Init                        0x08001775   Thumb Code   100  stm32f0xx_hal_tim.o(i.HAL_TIM_Base_Init)
    HAL_TIM_Base_MspInit                     0x080017d9   Thumb Code    58  tim.o(i.HAL_TIM_Base_MspInit)
    HAL_TIM_Base_Start_IT                    0x0800181d   Thumb Code   108  stm32f0xx_hal_tim.o(i.HAL_TIM_Base_Start_IT)
    HAL_TIM_IC_CaptureCallback               0x08001895   Thumb Code     2  stm32f0xx_hal_tim.o(i.HAL_TIM_IC_CaptureCallback)
    HAL_TIM_IRQHandler                       0x08001897   Thumb Code   456  stm32f0xx_hal_tim.o(i.HAL_TIM_IRQHandler)
    HAL_TIM_OC_DelayElapsedCallback          0x08001a5f   Thumb Code     2  stm32f0xx_hal_tim.o(i.HAL_TIM_OC_DelayElapsedCallback)
    HAL_TIM_PWM_PulseFinishedCallback        0x08001a61   Thumb Code     2  stm32f0xx_hal_tim.o(i.HAL_TIM_PWM_PulseFinishedCallback)
    HAL_TIM_PeriodElapsedCallback            0x08001a65   Thumb Code    62  main.o(i.HAL_TIM_PeriodElapsedCallback)
    HAL_TIM_TriggerCallback                  0x08001ab1   Thumb Code     2  stm32f0xx_hal_tim.o(i.HAL_TIM_TriggerCallback)
    HAL_UARTEx_ReceiveToIdle_IT              0x08001ab3   Thumb Code   132  stm32f0xx_hal_uart_ex.o(i.HAL_UARTEx_ReceiveToIdle_IT)
    HAL_UARTEx_RxEventCallback               0x08001b39   Thumb Code    10  main.o(i.HAL_UARTEx_RxEventCallback)
    HAL_UARTEx_WakeupCallback                0x08001b49   Thumb Code     2  stm32f0xx_hal_uart_ex.o(i.HAL_UARTEx_WakeupCallback)
    HAL_UART_ErrorCallback                   0x08001b4b   Thumb Code     2  stm32f0xx_hal_uart.o(i.HAL_UART_ErrorCallback)
    HAL_UART_IRQHandler                      0x08001b4d   Thumb Code   768  stm32f0xx_hal_uart.o(i.HAL_UART_IRQHandler)
    HAL_UART_Init                            0x08001e59   Thumb Code   126  stm32f0xx_hal_uart.o(i.HAL_UART_Init)
    HAL_UART_MspInit                         0x08001ed9   Thumb Code   136  usart.o(i.HAL_UART_MspInit)
    HAL_UART_RxCpltCallback                  0x08001f69   Thumb Code     2  stm32f0xx_hal_uart.o(i.HAL_UART_RxCpltCallback)
    HAL_UART_Transmit                        0x08001f6b   Thumb Code   258  stm32f0xx_hal_uart.o(i.HAL_UART_Transmit)
    HAL_UART_TxCpltCallback                  0x0800206d   Thumb Code     2  stm32f0xx_hal_uart.o(i.HAL_UART_TxCpltCallback)
    HardFault_Handler                        0x0800206f   Thumb Code     4  stm32f0xx_it.o(i.HardFault_Handler)
    MX_GPIO_Init                             0x08002075   Thumb Code   262  gpio.o(i.MX_GPIO_Init)
    MX_TIM6_Init                             0x0800218d   Thumb Code    68  tim.o(i.MX_TIM6_Init)
    MX_USART1_UART_Init                      0x080021dd   Thumb Code    58  usart.o(i.MX_USART1_UART_Init)
    NMI_Handler                              0x08002221   Thumb Code     8  stm32f0xx_it.o(i.NMI_Handler)
    PendSV_Handler                           0x08002229   Thumb Code     2  stm32f0xx_it.o(i.PendSV_Handler)
    SVC_Handler                              0x0800222b   Thumb Code     2  stm32f0xx_it.o(i.SVC_Handler)
    SysTick_Handler                          0x0800222d   Thumb Code     8  stm32f0xx_it.o(i.SysTick_Handler)
    SystemClock_Config                       0x08002235   Thumb Code   126  main.o(i.SystemClock_Config)
    SystemInit                               0x080022b3   Thumb Code     2  system_stm32f0xx.o(i.SystemInit)
    TIM6_DAC_IRQHandler                      0x080022b5   Thumb Code    10  stm32f0xx_it.o(i.TIM6_DAC_IRQHandler)
    TIM_Base_SetConfig                       0x080022c5   Thumb Code   150  stm32f0xx_hal_tim.o(i.TIM_Base_SetConfig)
    UART_AdvFeatureConfig                    0x08002375   Thumb Code   240  stm32f0xx_hal_uart.o(i.UART_AdvFeatureConfig)
    UART_CheckIdleState                      0x08002465   Thumb Code   112  stm32f0xx_hal_uart.o(i.UART_CheckIdleState)
    UART_SendData                            0x08002661   Thumb Code    22  main.o(i.UART_SendData)
    UART_SendState_BTN                       0x0800267d   Thumb Code    58  main.o(i.UART_SendState_BTN)
    UART_SetConfig                           0x080026cd   Thumb Code   388  stm32f0xx_hal_uart.o(i.UART_SetConfig)
    UART_Start_Receive_IT                    0x08002869   Thumb Code   164  stm32f0xx_hal_uart.o(i.UART_Start_Receive_IT)
    UART_WaitOnFlagUntilTimeout              0x08002919   Thumb Code   192  stm32f0xx_hal_uart.o(i.UART_WaitOnFlagUntilTimeout)
    USART1_IRQHandler                        0x080029d9   Thumb Code    10  stm32f0xx_it.o(i.USART1_IRQHandler)
    __0sprintf                               0x080029e9   Thumb Code    36  printfa.o(i.__0sprintf)
    __1sprintf                               0x080029e9   Thumb Code     0  printfa.o(i.__0sprintf)
    __2sprintf                               0x080029e9   Thumb Code     0  printfa.o(i.__0sprintf)
    __c89sprintf                             0x080029e9   Thumb Code     0  printfa.o(i.__0sprintf)
    sprintf                                  0x080029e9   Thumb Code     0  printfa.o(i.__0sprintf)
    __0vsprintf                              0x08002a11   Thumb Code    30  printfa.o(i.__0vsprintf)
    __1vsprintf                              0x08002a11   Thumb Code     0  printfa.o(i.__0vsprintf)
    __2vsprintf                              0x08002a11   Thumb Code     0  printfa.o(i.__0vsprintf)
    __c89vsprintf                            0x08002a11   Thumb Code     0  printfa.o(i.__0vsprintf)
    vsprintf                                 0x08002a11   Thumb Code     0  printfa.o(i.__0vsprintf)
    __ARM_clz                                0x08002a35   Thumb Code    46  depilogue.o(i.__ARM_clz)
    __ARM_common_ll_muluu                    0x08002a63   Thumb Code    48  stm32f0xx_hal_rcc.o(i.__ARM_common_ll_muluu)
    __scatterload_copy                       0x08002b0d   Thumb Code    14  handlers.o(i.__scatterload_copy)
    __scatterload_null                       0x08002b1b   Thumb Code     2  handlers.o(i.__scatterload_null)
    __scatterload_zeroinit                   0x08002b1d   Thumb Code    14  handlers.o(i.__scatterload_zeroinit)
    delay500ns                               0x080033e7   Thumb Code     4  stm32delays.o(i.delay500ns)
    delay_ms                                 0x080033eb   Thumb Code    16  stm32delays.o(i.delay_ms)
    delay_us                                 0x080033fd   Thumb Code    62  stm32delays.o(i.delay_us)
    lcd_bl_on                                0x08003441   Thumb Code    10  stm32driverlcd.o(i.lcd_bl_on)
    lcd_checkbf                              0x08003451   Thumb Code   108  stm32driverlcd.o(i.lcd_checkbf)
    lcd_clearLine                            0x080034c1   Thumb Code    40  stm32driverlcd.o(i.lcd_clearLine)
    lcd_gotoxy                               0x080034e9   Thumb Code    30  stm32driverlcd.o(i.lcd_gotoxy)
    lcd_init                                 0x0800350d   Thumb Code   124  stm32driverlcd.o(i.lcd_init)
    lcd_put_string_ram                       0x08003591   Thumb Code    22  stm32driverlcd.o(i.lcd_put_string_ram)
    lcd_putc                                 0x080035a7   Thumb Code    46  stm32driverlcd.o(i.lcd_putc)
    lcd_send_byte                            0x080035d5   Thumb Code    62  stm32driverlcd.o(i.lcd_send_byte)
    lcd_send_nibble                          0x08003619   Thumb Code    48  stm32driverlcd.o(i.lcd_send_nibble)
    main                                     0x08003651   Thumb Code   162  main.o(i.main)
    printf_lcd                               0x08003731   Thumb Code    38  stm32driverlcd.o(i.printf_lcd)
    taddrLines                               0x08003756   Data           5  stm32driverlcd.o(.constdata)
    AHBPrescTable                            0x0800375b   Data          16  system_stm32f0xx.o(.constdata)
    APBPrescTable                            0x0800376b   Data           8  system_stm32f0xx.o(.constdata)
    Region$$Table$$Base                      0x08003774   Number         0  anon$$obj.o(Region$$Table)
    Region$$Table$$Limit                     0x08003794   Number         0  anon$$obj.o(Region$$Table)
    BTN                                      0x20000000   Data           1  main.o(.data)
    state                                    0x20000001   Data           1  main.o(.data)
    uwTick                                   0x2000000c   Data           4  stm32f0xx_hal.o(.data)
    uwTickPrio                               0x20000010   Data           4  stm32f0xx_hal.o(.data)
    uwTickFreq                               0x20000014   Data           1  stm32f0xx_hal.o(.data)
    SystemCoreClock                          0x20000018   Data           4  system_stm32f0xx.o(.data)
    setting_Rx                               0x2000001c   Data         264  main.o(.bss)
    htim6                                    0x20000124   Data          72  tim.o(.bss)
    huart1                                   0x2000016c   Data         132  usart.o(.bss)
    __initial_sp                             0x200005f0   Data           0  startup_stm32f051x8.o(STACK)



==============================================================================

Memory Map of the image

  Image Entry point : 0x080000bd

  Load Region LR_IROM1 (Base: 0x08000000, Size: 0x000037b0, Max: 0x00010000, ABSOLUTE)

    Execution Region ER_IROM1 (Exec base: 0x08000000, Load base: 0x08000000, Size: 0x00003794, Max: 0x00010000, ABSOLUTE)

    Exec Addr    Load Addr    Size         Type   Attr      Idx    E Section Name        Object

    0x08000000   0x08000000   0x000000bc   Data   RO            3    RESET               startup_stm32f051x8.o
    0x080000bc   0x080000bc   0x00000000   Code   RO         3459  * .ARM.Collect$$$$00000000  mc_p.l(entry.o)
    0x080000bc   0x080000bc   0x00000004   Code   RO         3733    .ARM.Collect$$$$00000001  mc_p.l(entry2.o)
    0x080000c0   0x080000c0   0x00000004   Code   RO         3736    .ARM.Collect$$$$00000004  mc_p.l(entry5.o)
    0x080000c4   0x080000c4   0x00000000   Code   RO         3738    .ARM.Collect$$$$00000008  mc_p.l(entry7b.o)
    0x080000c4   0x080000c4   0x00000000   Code   RO         3740    .ARM.Collect$$$$0000000A  mc_p.l(entry8b.o)
    0x080000c4   0x080000c4   0x00000008   Code   RO         3741    .ARM.Collect$$$$0000000B  mc_p.l(entry9a.o)
    0x080000cc   0x080000cc   0x00000004   Code   RO         3748    .ARM.Collect$$$$0000000E  mc_p.l(entry12b.o)
    0x080000d0   0x080000d0   0x00000000   Code   RO         3743    .ARM.Collect$$$$0000000F  mc_p.l(entry10a.o)
    0x080000d0   0x080000d0   0x00000000   Code   RO         3745    .ARM.Collect$$$$00000011  mc_p.l(entry11a.o)
    0x080000d0   0x080000d0   0x00000004   Code   RO         3734    .ARM.Collect$$$$00002712  mc_p.l(entry2.o)
    0x080000d4   0x080000d4   0x0000001c   Code   RO            4    .text               startup_stm32f051x8.o
    0x080000f0   0x080000f0   0x0000002c   Code   RO         3462    .text               mc_p.l(uidiv.o)
    0x0800011c   0x0800011c   0x00000028   Code   RO         3464    .text               mc_p.l(idiv.o)
    0x08000144   0x08000144   0x00000060   Code   RO         3466    .text               mc_p.l(uldiv.o)
    0x080001a4   0x080001a4   0x00000022   Code   RO         3468    .text               mc_p.l(llushr.o)
    0x080001c6   0x080001c6   0x00000024   Code   RO         3470    .text               mc_p.l(memseta.o)
    0x080001ea   0x080001ea   0x00000020   Code   RO         3752    .text               mc_p.l(llshl.o)
    0x0800020a   0x0800020a   0x00000000   Code   RO         3754    .text               mc_p.l(iusefp.o)
    0x0800020a   0x0800020a   0x00000002   PAD
    0x0800020c   0x0800020c   0x00000168   Code   RO         3755    .text               mf_p.l(dadd.o)
    0x08000374   0x08000374   0x000000d0   Code   RO         3757    .text               mf_p.l(dmul.o)
    0x08000444   0x08000444   0x000000f0   Code   RO         3759    .text               mf_p.l(ddiv.o)
    0x08000534   0x08000534   0x00000040   Code   RO         3761    .text               mf_p.l(dfixul.o)
    0x08000574   0x08000574   0x00000028   Code   RO         3763    .text               mf_p.l(cdrcmple.o)
    0x0800059c   0x0800059c   0x00000024   Code   RO         3765    .text               mc_p.l(init.o)
    0x080005c0   0x080005c0   0x00000026   Code   RO         3768    .text               mc_p.l(llsshr.o)
    0x080005e6   0x080005e6   0x000000be   Code   RO         3771    .text               mf_p.l(depilogue.o)
    0x080006a4   0x080006a4   0x00000002   Code   RO          242    i.Error_Handler     main.o
    0x080006a6   0x080006a6   0x00000002   PAD
    0x080006a8   0x080006a8   0x00000044   Code   RO          243    i.Function_Acknowledge_Protocole  main.o
    0x080006ec   0x080006ec   0x0000001e   Code   RO          244    i.Function_CRC_check_and_create  main.o
    0x0800070a   0x0800070a   0x00000002   PAD
    0x0800070c   0x0800070c   0x0000012c   Code   RO          245    i.Function_Translate_Trame  main.o
    0x08000838   0x08000838   0x00000050   Code   RO          246    i.Function_Verification_CRC_Header  main.o
    0x08000888   0x08000888   0x0000008c   Code   RO          247    i.Gestion_switch    main.o
    0x08000914   0x08000914   0x00000052   Code   RO         2375    i.HAL_DMA_Abort     stm32f0xx_hal_dma.o
    0x08000966   0x08000966   0x00000058   Code   RO         2376    i.HAL_DMA_Abort_IT  stm32f0xx_hal_dma.o
    0x080009be   0x080009be   0x00000002   PAD
    0x080009c0   0x080009c0   0x0000002c   Code   RO         1650    i.HAL_Delay         stm32f0xx_hal.o
    0x080009ec   0x080009ec   0x000001e8   Code   RO         2314    i.HAL_GPIO_Init     stm32f0xx_hal_gpio.o
    0x08000bd4   0x08000bd4   0x00000012   Code   RO         2316    i.HAL_GPIO_ReadPin  stm32f0xx_hal_gpio.o
    0x08000be6   0x08000be6   0x00000014   Code   RO         2317    i.HAL_GPIO_TogglePin  stm32f0xx_hal_gpio.o
    0x08000bfa   0x08000bfa   0x0000000c   Code   RO         2318    i.HAL_GPIO_WritePin  stm32f0xx_hal_gpio.o
    0x08000c06   0x08000c06   0x00000002   PAD
    0x08000c08   0x08000c08   0x0000000c   Code   RO         1654    i.HAL_GetTick       stm32f0xx_hal.o
    0x08000c14   0x08000c14   0x00000018   Code   RO         1660    i.HAL_IncTick       stm32f0xx_hal.o
    0x08000c2c   0x08000c2c   0x00000020   Code   RO         1661    i.HAL_Init          stm32f0xx_hal.o
    0x08000c4c   0x08000c4c   0x00000054   Code   RO         1662    i.HAL_InitTick      stm32f0xx_hal.o
    0x08000ca0   0x08000ca0   0x00000040   Code   RO          521    i.HAL_MspInit       stm32f0xx_hal_msp.o
    0x08000ce0   0x08000ce0   0x0000001c   Code   RO         2471    i.HAL_NVIC_EnableIRQ  stm32f0xx_hal_cortex.o
    0x08000cfc   0x08000cfc   0x00000012   Code   RO         2475    i.HAL_NVIC_SetPriority  stm32f0xx_hal_cortex.o
    0x08000d0e   0x08000d0e   0x00000002   PAD
    0x08000d10   0x08000d10   0x0000016c   Code   RO         1615    i.HAL_RCCEx_PeriphCLKConfig  stm32f0xx_hal_rcc_ex.o
    0x08000e7c   0x08000e7c   0x00000002   Code   RO         1519    i.HAL_RCC_CSSCallback  stm32f0xx_hal_rcc.o
    0x08000e7e   0x08000e7e   0x00000002   PAD
    0x08000e80   0x08000e80   0x0000016c   Code   RO         1520    i.HAL_RCC_ClockConfig  stm32f0xx_hal_rcc.o
    0x08000fec   0x08000fec   0x00000014   Code   RO         1523    i.HAL_RCC_EnableCSS  stm32f0xx_hal_rcc.o
    0x08001000   0x08001000   0x0000000c   Code   RO         1525    i.HAL_RCC_GetHCLKFreq  stm32f0xx_hal_rcc.o
    0x0800100c   0x0800100c   0x00000024   Code   RO         1527    i.HAL_RCC_GetPCLK1Freq  stm32f0xx_hal_rcc.o
    0x08001030   0x08001030   0x000000d0   Code   RO         1528    i.HAL_RCC_GetSysClockFreq  stm32f0xx_hal_rcc.o
    0x08001100   0x08001100   0x00000020   Code   RO         1530    i.HAL_RCC_NMI_IRQHandler  stm32f0xx_hal_rcc.o
    0x08001120   0x08001120   0x0000058c   Code   RO         1531    i.HAL_RCC_OscConfig  stm32f0xx_hal_rcc.o
    0x080016ac   0x080016ac   0x00000038   Code   RO         2479    i.HAL_SYSTICK_Config  stm32f0xx_hal_cortex.o
    0x080016e4   0x080016e4   0x00000002   Code   RO         1256    i.HAL_TIMEx_BreakCallback  stm32f0xx_hal_tim_ex.o
    0x080016e6   0x080016e6   0x00000002   Code   RO         1257    i.HAL_TIMEx_CommutCallback  stm32f0xx_hal_tim_ex.o
    0x080016e8   0x080016e8   0x0000008c   Code   RO         1275    i.HAL_TIMEx_MasterConfigSynchronization  stm32f0xx_hal_tim_ex.o
    0x08001774   0x08001774   0x00000064   Code   RO          543    i.HAL_TIM_Base_Init  stm32f0xx_hal_tim.o
    0x080017d8   0x080017d8   0x00000044   Code   RO          386    i.HAL_TIM_Base_MspInit  tim.o
    0x0800181c   0x0800181c   0x00000078   Code   RO          548    i.HAL_TIM_Base_Start_IT  stm32f0xx_hal_tim.o
    0x08001894   0x08001894   0x00000002   Code   RO          577    i.HAL_TIM_IC_CaptureCallback  stm32f0xx_hal_tim.o
    0x08001896   0x08001896   0x000001c8   Code   RO          591    i.HAL_TIM_IRQHandler  stm32f0xx_hal_tim.o
    0x08001a5e   0x08001a5e   0x00000002   Code   RO          594    i.HAL_TIM_OC_DelayElapsedCallback  stm32f0xx_hal_tim.o
    0x08001a60   0x08001a60   0x00000002   Code   RO          621    i.HAL_TIM_PWM_PulseFinishedCallback  stm32f0xx_hal_tim.o
    0x08001a62   0x08001a62   0x00000002   PAD
    0x08001a64   0x08001a64   0x0000004c   Code   RO          248    i.HAL_TIM_PeriodElapsedCallback  main.o
    0x08001ab0   0x08001ab0   0x00000002   Code   RO          634    i.HAL_TIM_TriggerCallback  stm32f0xx_hal_tim.o
    0x08001ab2   0x08001ab2   0x00000084   Code   RO         3361    i.HAL_UARTEx_ReceiveToIdle_IT  stm32f0xx_hal_uart_ex.o
    0x08001b36   0x08001b36   0x00000002   PAD
    0x08001b38   0x08001b38   0x00000010   Code   RO          249    i.HAL_UARTEx_RxEventCallback  main.o
    0x08001b48   0x08001b48   0x00000002   Code   RO         3363    i.HAL_UARTEx_WakeupCallback  stm32f0xx_hal_uart_ex.o
    0x08001b4a   0x08001b4a   0x00000002   Code   RO         2987    i.HAL_UART_ErrorCallback  stm32f0xx_hal_uart.o
    0x08001b4c   0x08001b4c   0x0000030c   Code   RO         2990    i.HAL_UART_IRQHandler  stm32f0xx_hal_uart.o
    0x08001e58   0x08001e58   0x0000007e   Code   RO         2991    i.HAL_UART_Init     stm32f0xx_hal_uart.o
    0x08001ed6   0x08001ed6   0x00000002   PAD
    0x08001ed8   0x08001ed8   0x00000090   Code   RO          424    i.HAL_UART_MspInit  usart.o
    0x08001f68   0x08001f68   0x00000002   Code   RO         2998    i.HAL_UART_RxCpltCallback  stm32f0xx_hal_uart.o
    0x08001f6a   0x08001f6a   0x00000102   Code   RO         3000    i.HAL_UART_Transmit  stm32f0xx_hal_uart.o
    0x0800206c   0x0800206c   0x00000002   Code   RO         3003    i.HAL_UART_TxCpltCallback  stm32f0xx_hal_uart.o
    0x0800206e   0x0800206e   0x00000004   Code   RO          461    i.HardFault_Handler  stm32f0xx_it.o
    0x08002072   0x08002072   0x00000002   PAD
    0x08002074   0x08002074   0x00000118   Code   RO          365    i.MX_GPIO_Init      gpio.o
    0x0800218c   0x0800218c   0x00000050   Code   RO          387    i.MX_TIM6_Init      tim.o
    0x080021dc   0x080021dc   0x00000044   Code   RO          425    i.MX_USART1_UART_Init  usart.o
    0x08002220   0x08002220   0x00000008   Code   RO          462    i.NMI_Handler       stm32f0xx_it.o
    0x08002228   0x08002228   0x00000002   Code   RO          463    i.PendSV_Handler    stm32f0xx_it.o
    0x0800222a   0x0800222a   0x00000002   Code   RO          464    i.SVC_Handler       stm32f0xx_it.o
    0x0800222c   0x0800222c   0x00000008   Code   RO          465    i.SysTick_Handler   stm32f0xx_it.o
    0x08002234   0x08002234   0x0000007e   Code   RO          250    i.SystemClock_Config  main.o
    0x080022b2   0x080022b2   0x00000002   Code   RO         3429    i.SystemInit        system_stm32f0xx.o
    0x080022b4   0x080022b4   0x00000010   Code   RO          466    i.TIM6_DAC_IRQHandler  stm32f0xx_it.o
    0x080022c4   0x080022c4   0x000000b0   Code   RO          636    i.TIM_Base_SetConfig  stm32f0xx_hal_tim.o
    0x08002374   0x08002374   0x000000f0   Code   RO         3005    i.UART_AdvFeatureConfig  stm32f0xx_hal_uart.o
    0x08002464   0x08002464   0x00000074   Code   RO         3006    i.UART_CheckIdleState  stm32f0xx_hal_uart.o
    0x080024d8   0x080024d8   0x00000018   Code   RO         3007    i.UART_DMAAbortOnError  stm32f0xx_hal_uart.o
    0x080024f0   0x080024f0   0x00000038   Code   RO         3017    i.UART_EndRxTransfer  stm32f0xx_hal_uart.o
    0x08002528   0x08002528   0x00000020   Code   RO         3018    i.UART_EndTransmit_IT  stm32f0xx_hal_uart.o
    0x08002548   0x08002548   0x0000008c   Code   RO         3020    i.UART_RxISR_16BIT  stm32f0xx_hal_uart.o
    0x080025d4   0x080025d4   0x0000008c   Code   RO         3021    i.UART_RxISR_8BIT   stm32f0xx_hal_uart.o
    0x08002660   0x08002660   0x0000001c   Code   RO          251    i.UART_SendData     main.o
    0x0800267c   0x0800267c   0x00000050   Code   RO          252    i.UART_SendState_BTN  main.o
    0x080026cc   0x080026cc   0x0000019c   Code   RO         3022    i.UART_SetConfig    stm32f0xx_hal_uart.o
    0x08002868   0x08002868   0x000000b0   Code   RO         3024    i.UART_Start_Receive_IT  stm32f0xx_hal_uart.o
    0x08002918   0x08002918   0x000000c0   Code   RO         3027    i.UART_WaitOnFlagUntilTimeout  stm32f0xx_hal_uart.o
    0x080029d8   0x080029d8   0x00000010   Code   RO          467    i.USART1_IRQHandler  stm32f0xx_it.o
    0x080029e8   0x080029e8   0x00000028   Code   RO         3707    i.__0sprintf        mc_p.l(printfa.o)
    0x08002a10   0x08002a10   0x00000024   Code   RO         3711    i.__0vsprintf       mc_p.l(printfa.o)
    0x08002a34   0x08002a34   0x0000002e   Code   RO         3773    i.__ARM_clz         mf_p.l(depilogue.o)
    0x08002a62   0x08002a62   0x00000030   Code   RO         1606    i.__ARM_common_ll_muluu  stm32f0xx_hal_rcc.o
    0x08002a92   0x08002a92   0x00000002   PAD
    0x08002a94   0x08002a94   0x00000078   Code   RO         2481    i.__NVIC_SetPriority  stm32f0xx_hal_cortex.o
    0x08002b0c   0x08002b0c   0x0000000e   Code   RO         3777    i.__scatterload_copy  mc_p.l(handlers.o)
    0x08002b1a   0x08002b1a   0x00000002   Code   RO         3778    i.__scatterload_null  mc_p.l(handlers.o)
    0x08002b1c   0x08002b1c   0x0000000e   Code   RO         3779    i.__scatterload_zeroinit  mc_p.l(handlers.o)
    0x08002b2a   0x08002b2a   0x00000002   PAD
    0x08002b2c   0x08002b2c   0x00000174   Code   RO         3712    i._fp_digits        mc_p.l(printfa.o)
    0x08002ca0   0x08002ca0   0x000006f0   Code   RO         3713    i._printf_core      mc_p.l(printfa.o)
    0x08003390   0x08003390   0x00000020   Code   RO         3714    i._printf_post_padding  mc_p.l(printfa.o)
    0x080033b0   0x080033b0   0x0000002c   Code   RO         3715    i._printf_pre_padding  mc_p.l(printfa.o)
    0x080033dc   0x080033dc   0x0000000a   Code   RO         3717    i._sputc            mc_p.l(printfa.o)
    0x080033e6   0x080033e6   0x00000004   Code   RO           12    i.delay500ns        stm32delays.o
    0x080033ea   0x080033ea   0x00000010   Code   RO           13    i.delay_ms          stm32delays.o
    0x080033fa   0x080033fa   0x00000002   PAD
    0x080033fc   0x080033fc   0x00000044   Code   RO           14    i.delay_us          stm32delays.o
    0x08003440   0x08003440   0x00000010   Code   RO          144    i.lcd_bl_on         stm32driverlcd.o
    0x08003450   0x08003450   0x00000070   Code   RO          145    i.lcd_checkbf       stm32driverlcd.o
    0x080034c0   0x080034c0   0x00000028   Code   RO          146    i.lcd_clearLine     stm32driverlcd.o
    0x080034e8   0x080034e8   0x00000024   Code   RO          147    i.lcd_gotoxy        stm32driverlcd.o
    0x0800350c   0x0800350c   0x00000084   Code   RO          148    i.lcd_init          stm32driverlcd.o
    0x08003590   0x08003590   0x00000016   Code   RO          149    i.lcd_put_string_ram  stm32driverlcd.o
    0x080035a6   0x080035a6   0x0000002e   Code   RO          150    i.lcd_putc          stm32driverlcd.o
    0x080035d4   0x080035d4   0x00000044   Code   RO          151    i.lcd_send_byte     stm32driverlcd.o
    0x08003618   0x08003618   0x00000038   Code   RO          152    i.lcd_send_nibble   stm32driverlcd.o
    0x08003650   0x08003650   0x000000e0   Code   RO          253    i.main              main.o
    0x08003730   0x08003730   0x00000026   Code   RO          153    i.printf_lcd        stm32driverlcd.o
    0x08003756   0x08003756   0x00000005   Data   RO          154    .constdata          stm32driverlcd.o
    0x0800375b   0x0800375b   0x00000018   Data   RO         3430    .constdata          system_stm32f0xx.o
    0x08003773   0x08003773   0x00000001   PAD
    0x08003774   0x08003774   0x00000020   Data   RO         3775    Region$$Table       anon$$obj.o


    Execution Region RW_IRAM1 (Exec base: 0x20000000, Load base: 0x08003794, Size: 0x000005f0, Max: 0x00002000, ABSOLUTE)

    Exec Addr    Load Addr    Size         Type   Attr      Idx    E Section Name        Object

    0x20000000   0x08003794   0x0000000c   Data   RW          255    .data               main.o
    0x2000000c   0x080037a0   0x00000009   Data   RW         1668    .data               stm32f0xx_hal.o
    0x20000015   0x080037a9   0x00000003   PAD
    0x20000018   0x080037ac   0x00000004   Data   RW         3431    .data               system_stm32f0xx.o
    0x2000001c        -       0x00000108   Zero   RW          254    .bss                main.o
    0x20000124        -       0x00000048   Zero   RW          388    .bss                tim.o
    0x2000016c        -       0x00000084   Zero   RW          426    .bss                usart.o
    0x200001f0        -       0x00000400   Zero   RW            1    STACK               startup_stm32f051x8.o


==============================================================================

Image component sizes


      Code (inc. data)   RO Data    RW Data    ZI Data      Debug   Object Name

       280         18          0          0          0       1127   gpio.o
      1170        160          0         12        264       9489   main.o
        28          8        188          0       1024        720   startup_stm32f051x8.o
        88          6          0          0          0     322755   stm32delays.o
       566         38          5          0          0       7986   stm32driverlcd.o
       196         38          0          9          0       8885   stm32f0xx_hal.o
       222         26          0          0          0      10789   stm32f0xx_hal_cortex.o
       170          0          0          0          0       1923   stm32f0xx_hal_dma.o
       538         24          0          0          0       3892   stm32f0xx_hal_gpio.o
        64          4          0          0          0        978   stm32f0xx_hal_msp.o
      2142        112          0          0          0       7456   stm32f0xx_hal_rcc.o
       364         14          0          0          0       1584   stm32f0xx_hal_rcc_ex.o
       860         38          0          0          0       6363   stm32f0xx_hal_tim.o
       144         12          0          0          0       2733   stm32f0xx_hal_tim_ex.o
      2698         52          0          0          0      14176   stm32f0xx_hal_uart.o
       134          0          0          0          0       2082   stm32f0xx_hal_uart_ex.o
        56         12          0          0          0       3633   stm32f0xx_it.o
         2          0         24          4          0       1355   system_stm32f0xx.o
       148         22          0          0         72       1866   tim.o
       212         18          0          0        132       1970   usart.o

    ----------------------------------------------------------------------
     10106        602        250         28       1492     411762   Object Totals
         0          0         32          0          0          0   (incl. Generated)
        24          0          1          3          0          0   (incl. Padding)

    ----------------------------------------------------------------------

      Code (inc. data)   RO Data    RW Data    ZI Data      Debug   Library Member Name

         0          0          0          0          0          0   entry.o
         0          0          0          0          0          0   entry10a.o
         0          0          0          0          0          0   entry11a.o
         4          0          0          0          0          0   entry12b.o
         8          4          0          0          0          0   entry2.o
         4          0          0          0          0          0   entry5.o
         0          0          0          0          0          0   entry7b.o
         0          0          0          0          0          0   entry8b.o
         8          4          0          0          0          0   entry9a.o
        30          0          0          0          0          0   handlers.o
        40          0          0          0          0         72   idiv.o
        36          8          0          0          0         68   init.o
         0          0          0          0          0          0   iusefp.o
        32          0          0          0          0         68   llshl.o
        38          0          0          0          0         68   llsshr.o
        34          0          0          0          0         68   llushr.o
        36          0          0          0          0        100   memseta.o
      2310        100          0          0          0        544   printfa.o
        44          0          0          0          0         72   uidiv.o
        96          0          0          0          0         84   uldiv.o
        40          2          0          0          0         68   cdrcmple.o
       360          6          0          0          0        140   dadd.o
       240          6          0          0          0         84   ddiv.o
       236          0          0          0          0        216   depilogue.o
        64         10          0          0          0         68   dfixul.o
       208          6          0          0          0         88   dmul.o

    ----------------------------------------------------------------------
      3872        146          0          0          0       1808   Library Totals
         4          0          0          0          0          0   (incl. Padding)

    ----------------------------------------------------------------------

      Code (inc. data)   RO Data    RW Data    ZI Data      Debug   Library Name

      2720        116          0          0          0       1144   mc_p.l
      1148         30          0          0          0        664   mf_p.l

    ----------------------------------------------------------------------
      3872        146          0          0          0       1808   Library Totals

    ----------------------------------------------------------------------

==============================================================================


      Code (inc. data)   RO Data    RW Data    ZI Data      Debug   

     13978        748        250         28       1492     408962   Grand Totals
     13978        748        250         28       1492     408962   ELF Image Totals
     13978        748        250         28          0          0   ROM Totals

==============================================================================

    Total RO  Size (Code + RO Data)                14228 (  13.89kB)
    Total RW  Size (RW Data + ZI Data)              1520 (   1.48kB)
    Total ROM Size (Code + RO Data + RW Data)      14256 (  13.92kB)

==============================================================================

